<?xml version="1.0" encoding="UTF-8"?>
<TestRun id="61f07d65-9127-4b72-b497-9292fba9efac" name="SQL@MASZYNA 2011-05-31 00:05:20" runUser="MASZYNA\SQL" xmlns="http://microsoft.com/schemas/VisualStudio/TeamTest/2010">
  <TestSettings name="TestSettings1" id="f1b9f467-224d-475b-85fd-330bccbd810f">
    <Description>These are default test settings for a local test run.</Description>
    <Deployment runDeploymentRoot="SQL_MASZYNA 2011-05-31 00_05_20">
      <DeploymentItem filename="C:\Documents and Settings\SQL\Pulpit\Blog\Blog\Blog\bin\Blog.dll" />
    </Deployment>
    <Execution>
      <TestTypeSpecific>
        <UnitTestRunConfig testTypeId="13cdc9d9-ddb5-4fa4-a97d-d965ccfc6d4b">
          <AssemblyResolution>
            <TestDirectory useLoadContext="true" />
          </AssemblyResolution>
        </UnitTestRunConfig>
        <WebTestRunConfiguration testTypeId="4e7599fa-5ecb-43e9-a887-cd63cf72d207">
          <Browser name="Internet Explorer 7.0">
            <Headers>
              <Header name="User-Agent" value="Mozilla/4.0 (compatible; MSIE 7.0; Windows NT 5.1)" />
              <Header name="Accept" value="*/*" />
              <Header name="Accept-Language" value="{{$IEAcceptLanguage}}" />
              <Header name="Accept-Encoding" value="GZIP" />
            </Headers>
          </Browser>
        </WebTestRunConfiguration>
      </TestTypeSpecific>
      <AgentRule name="LocalMachineDefaultRole">
        <DataCollectors>
          <DataCollector uri="datacollector://microsoft/CodeCoverage/1.0" assemblyQualifiedName="Microsoft.VisualStudio.TestTools.CodeCoverage.CoveragePlugIn, Microsoft.VisualStudio.QualityTools.Plugins.CodeCoverage, Version=10.0.0.0, Culture=neutral, PublicKeyToken=b03f5f7f11d50a3a" friendlyName="Code Coverage">
            <Configuration>
              <CodeCoverage xmlns="">
                <Regular>
                  <CodeCoverageItem binaryFile="C:\Documents and Settings\SQL\Pulpit\Blog\Blog\Blog\bin\Blog.dll" pdbFile="C:\Documents and Settings\SQL\Pulpit\Blog\Blog\Blog\bin\Blog.instr.pdb" instrumentInPlace="true" outputDirectory="Blog\Bin" />
                  <CodeCoverageItem binaryFile="C:\Documents and Settings\SQL\Pulpit\Blog\Blog\Blog.Tests\bin\Debug\Blog.Tests.dll" pdbFile="C:\Documents and Settings\SQL\Pulpit\Blog\Blog\Blog.Tests\bin\Debug\Blog.Tests.instr.pdb" instrumentInPlace="true" />
                </Regular>
                <AspNet>
                  <AspNetCodeCoverageItem id="d07d4130-2983-4fea-af9c-1b98e026cdc6" name="Blog" applicationRoot="/" url="http://localhost:0/" />
                </AspNet>
              </CodeCoverage>
            </Configuration>
          </DataCollector>
        </DataCollectors>
      </AgentRule>
    </Execution>
  </TestSettings>
  <Times creation="2011-05-31T00:05:20.6474400+02:00" queuing="2011-05-31T00:05:22.2697728+02:00" start="2011-05-31T00:05:22.4600464+02:00" finish="2011-05-31T00:05:35.6389968+02:00" />
  <ResultSummary outcome="Failed">
    <Counters total="36" executed="36" passed="16" error="0" failed="20" timeout="0" aborted="0" inconclusive="0" passedButRunAborted="0" notRunnable="0" notExecuted="0" disconnected="0" warning="0" completed="0" inProgress="0" pending="0" />
    <RunInfos>
      <RunInfo computerName="MASZYNA" outcome="Warning" timestamp="2011-05-31T00:05:22.2697728+02:00">
        <Text>Warning: conflict during test run deployment: deployment item 'c:\documents and settings\sql\pulpit\blog\blog\blog.tests\bin\debug\Blog.dll' directly or indirectly referenced by the test container 'c:\documents and settings\sql\pulpit\blog\blog\blog.tests\bin\debug\blog.tests.dll' cannot be deployed to 'Blog.dll' because otherwise the file 'c:\documents and settings\sql\pulpit\blog\blog\blog.tests\bin\debug\Blog.dll' would overwrite deployment item 'C:\Documents and Settings\SQL\Pulpit\Blog\Blog\Blog\bin\Blog.dll' directly or indirectly referenced by C:\Documents and Settings\SQL\Pulpit\Blog\Blog\Blog.Tests\bin\Debug\Blog.Tests.dll.</Text>
      </RunInfo>
    </RunInfos>
    <ResultFiles>
      <ResultFile path="MASZYNA\App_global.asax.nlbr3gfq.dll" />
      <ResultFile path="MASZYNA\App_global.asax.nlbr3gfq.instr.pdb" />
      <ResultFile path="MASZYNA\App_Web_1i1l3xgq.dll" />
      <ResultFile path="MASZYNA\App_Web_1i1l3xgq.instr.pdb" />
      <ResultFile path="MASZYNA\App_Web_qlqkkfz2.dll" />
      <ResultFile path="MASZYNA\App_Web_qlqkkfz2.instr.pdb" />
      <ResultFile path="MASZYNA\App_Web_ru2l4p5x.dll" />
      <ResultFile path="MASZYNA\App_Web_ru2l4p5x.instr.pdb" />
      <ResultFile path="MASZYNA\data.coverage" />
    </ResultFiles>
  </ResultSummary>
  <TestDefinitions>
    <UnitTest name="listaTest" storage="c:\documents and settings\sql\pulpit\blog\blog\blog.tests\bin\debug\blog.tests.dll" id="a1b77401-1bd9-f9dd-387b-d29b1a396fb4">
      <Execution id="c594a045-4f2e-45d3-8791-2e67e4f19e08" />
      <TestMethod codeBase="C:/Documents and Settings/SQL/Pulpit/Blog/Blog/Blog.Tests/bin/Debug/Blog.Tests.DLL" adapterTypeName="Microsoft.VisualStudio.TestTools.TestTypes.Unit.UnitTestAdapter, Microsoft.VisualStudio.QualityTools.Tips.UnitTest.Adapter, Version=10.0.0.0, Culture=neutral, PublicKeyToken=b03f5f7f11d50a3a" className="Blog.Tests.AdministracjaControllerTest, Blog.Tests, Version=1.0.0.0, Culture=neutral, PublicKeyToken=null" name="listaTest" />
      <AspNet webSiteUrl="http://localhost:1032/">
        <Host pathToWebApp="C:\Documents and Settings\SQL\Pulpit\Blog\Blog\Blog" webAppRoot="/" />
      </AspNet>
    </UnitTest>
    <UnitTest name="LogOn_Post_ReturnsRedirectToHomeOnSuccess_WithExternalReturnUrl" storage="c:\documents and settings\sql\pulpit\blog\blog\blog.tests\bin\debug\blog.tests.dll" id="96c0059b-1c41-71af-f167-06e2c893db15">
      <Execution id="4e1aae62-bc97-4255-8f54-e7de79529edb" />
      <TestMethod codeBase="C:/Documents and Settings/SQL/Pulpit/Blog/Blog/Blog.Tests/bin/Debug/Blog.Tests.DLL" adapterTypeName="Microsoft.VisualStudio.TestTools.TestTypes.Unit.UnitTestAdapter, Microsoft.VisualStudio.QualityTools.Tips.UnitTest.Adapter, Version=10.0.0.0, Culture=neutral, PublicKeyToken=b03f5f7f11d50a3a" className="Blog.Tests.Controllers.AccountControllerTest, Blog.Tests, Version=1.0.0.0, Culture=neutral, PublicKeyToken=null" name="LogOn_Post_ReturnsRedirectToHomeOnSuccess_WithExternalReturnUrl" />
    </UnitTest>
    <UnitTest name="SzukajTest" storage="c:\documents and settings\sql\pulpit\blog\blog\blog.tests\bin\debug\blog.tests.dll" id="f5fb9af2-4042-d259-4852-58b1592b1473">
      <Execution id="213fa028-0832-4c57-939c-a2173da686ed" />
      <TestMethod codeBase="C:/Documents and Settings/SQL/Pulpit/Blog/Blog/Blog.Tests/bin/Debug/Blog.Tests.DLL" adapterTypeName="Microsoft.VisualStudio.TestTools.TestTypes.Unit.UnitTestAdapter, Microsoft.VisualStudio.QualityTools.Tips.UnitTest.Adapter, Version=10.0.0.0, Culture=neutral, PublicKeyToken=b03f5f7f11d50a3a" className="Blog.Tests.AdministracjaControllerTest, Blog.Tests, Version=1.0.0.0, Culture=neutral, PublicKeyToken=null" name="SzukajTest" />
      <AspNet webSiteUrl="http://localhost:1032/">
        <Host pathToWebApp="C:\Documents and Settings\SQL\Pulpit\Blog\Blog\Blog" webAppRoot="/" />
      </AspNet>
    </UnitTest>
    <UnitTest name="Register_Post_ReturnsRedirectOnSuccess" storage="c:\documents and settings\sql\pulpit\blog\blog\blog.tests\bin\debug\blog.tests.dll" id="3af9e023-8413-9574-0efb-b3e1fec209bc">
      <Execution id="c798ea09-d49d-442f-b9cb-4aad785cbf21" />
      <TestMethod codeBase="C:/Documents and Settings/SQL/Pulpit/Blog/Blog/Blog.Tests/bin/Debug/Blog.Tests.DLL" adapterTypeName="Microsoft.VisualStudio.TestTools.TestTypes.Unit.UnitTestAdapter, Microsoft.VisualStudio.QualityTools.Tips.UnitTest.Adapter, Version=10.0.0.0, Culture=neutral, PublicKeyToken=b03f5f7f11d50a3a" className="Blog.Tests.Controllers.AccountControllerTest, Blog.Tests, Version=1.0.0.0, Culture=neutral, PublicKeyToken=null" name="Register_Post_ReturnsRedirectOnSuccess" />
    </UnitTest>
    <UnitTest name="Register_Get_ReturnsView" storage="c:\documents and settings\sql\pulpit\blog\blog\blog.tests\bin\debug\blog.tests.dll" id="42e4128c-17e2-b5a9-e1d9-3b2d8668ba5a">
      <Execution id="704fc559-baaa-4408-b316-906d7a620b40" />
      <TestMethod codeBase="C:/Documents and Settings/SQL/Pulpit/Blog/Blog/Blog.Tests/bin/Debug/Blog.Tests.DLL" adapterTypeName="Microsoft.VisualStudio.TestTools.TestTypes.Unit.UnitTestAdapter, Microsoft.VisualStudio.QualityTools.Tips.UnitTest.Adapter, Version=10.0.0.0, Culture=neutral, PublicKeyToken=b03f5f7f11d50a3a" className="Blog.Tests.Controllers.AccountControllerTest, Blog.Tests, Version=1.0.0.0, Culture=neutral, PublicKeyToken=null" name="Register_Get_ReturnsView" />
    </UnitTest>
    <UnitTest name="TagiTest" storage="c:\documents and settings\sql\pulpit\blog\blog\blog.tests\bin\debug\blog.tests.dll" id="9601a7ae-bb3a-2892-5c39-397ef89a0b1b">
      <Execution id="dbf44845-b095-4be9-b4ad-17c2b989c58e" />
      <TestMethod codeBase="C:/Documents and Settings/SQL/Pulpit/Blog/Blog/Blog.Tests/bin/Debug/Blog.Tests.DLL" adapterTypeName="Microsoft.VisualStudio.TestTools.TestTypes.Unit.UnitTestAdapter, Microsoft.VisualStudio.QualityTools.Tips.UnitTest.Adapter, Version=10.0.0.0, Culture=neutral, PublicKeyToken=b03f5f7f11d50a3a" className="Blog.Tests.AdministracjaControllerTest, Blog.Tests, Version=1.0.0.0, Culture=neutral, PublicKeyToken=null" name="TagiTest" />
      <AspNet webSiteUrl="http://localhost:1032/">
        <Host pathToWebApp="C:\Documents and Settings\SQL\Pulpit\Blog\Blog\Blog" webAppRoot="/" />
      </AspNet>
    </UnitTest>
    <UnitTest name="DeleteTest1" storage="c:\documents and settings\sql\pulpit\blog\blog\blog.tests\bin\debug\blog.tests.dll" id="4f4207e6-8fa8-e9f1-2965-96855e8e0986">
      <Execution id="ac4c276a-ca16-4803-bc50-6baa55021ccf" />
      <TestMethod codeBase="C:/Documents and Settings/SQL/Pulpit/Blog/Blog/Blog.Tests/bin/Debug/Blog.Tests.DLL" adapterTypeName="Microsoft.VisualStudio.TestTools.TestTypes.Unit.UnitTestAdapter, Microsoft.VisualStudio.QualityTools.Tips.UnitTest.Adapter, Version=10.0.0.0, Culture=neutral, PublicKeyToken=b03f5f7f11d50a3a" className="Blog.Tests.AdministracjaControllerTest, Blog.Tests, Version=1.0.0.0, Culture=neutral, PublicKeyToken=null" name="DeleteTest1" />
      <AspNet webSiteUrl="http://localhost:1032/">
        <Host pathToWebApp="C:\Documents and Settings\SQL\Pulpit\Blog\Blog\Blog" webAppRoot="/" />
      </AspNet>
    </UnitTest>
    <UnitTest name="LogOff_LogsOutAndRedirects" storage="c:\documents and settings\sql\pulpit\blog\blog\blog.tests\bin\debug\blog.tests.dll" id="ae13f39b-f0eb-e24d-8d11-7a7092f2ebda">
      <Execution id="6629f266-7cdb-4d60-b1d1-068865c581c6" />
      <TestMethod codeBase="C:/Documents and Settings/SQL/Pulpit/Blog/Blog/Blog.Tests/bin/Debug/Blog.Tests.DLL" adapterTypeName="Microsoft.VisualStudio.TestTools.TestTypes.Unit.UnitTestAdapter, Microsoft.VisualStudio.QualityTools.Tips.UnitTest.Adapter, Version=10.0.0.0, Culture=neutral, PublicKeyToken=b03f5f7f11d50a3a" className="Blog.Tests.Controllers.AccountControllerTest, Blog.Tests, Version=1.0.0.0, Culture=neutral, PublicKeyToken=null" name="LogOff_LogsOutAndRedirects" />
    </UnitTest>
    <UnitTest name="EditTest1" storage="c:\documents and settings\sql\pulpit\blog\blog\blog.tests\bin\debug\blog.tests.dll" id="a9291e12-4841-3a5c-f637-09403db212c0">
      <Execution id="8eb0d917-4f55-4cef-ace6-fed492991487" />
      <TestMethod codeBase="C:/Documents and Settings/SQL/Pulpit/Blog/Blog/Blog.Tests/bin/Debug/Blog.Tests.DLL" adapterTypeName="Microsoft.VisualStudio.TestTools.TestTypes.Unit.UnitTestAdapter, Microsoft.VisualStudio.QualityTools.Tips.UnitTest.Adapter, Version=10.0.0.0, Culture=neutral, PublicKeyToken=b03f5f7f11d50a3a" className="Blog.Tests.AdministracjaControllerTest, Blog.Tests, Version=1.0.0.0, Culture=neutral, PublicKeyToken=null" name="EditTest1" />
      <AspNet webSiteUrl="http://localhost:1032/">
        <Host pathToWebApp="C:\Documents and Settings\SQL\Pulpit\Blog\Blog\Blog" webAppRoot="/" />
      </AspNet>
    </UnitTest>
    <UnitTest name="ChangePassword_Post_ReturnsViewIfModelStateIsInvalid" storage="c:\documents and settings\sql\pulpit\blog\blog\blog.tests\bin\debug\blog.tests.dll" id="e41f0101-44d6-db5c-c8a3-3986285f8e93">
      <Execution id="22d4e3dc-db16-4621-94e1-f4bf03737392" />
      <TestMethod codeBase="C:/Documents and Settings/SQL/Pulpit/Blog/Blog/Blog.Tests/bin/Debug/Blog.Tests.DLL" adapterTypeName="Microsoft.VisualStudio.TestTools.TestTypes.Unit.UnitTestAdapter, Microsoft.VisualStudio.QualityTools.Tips.UnitTest.Adapter, Version=10.0.0.0, Culture=neutral, PublicKeyToken=b03f5f7f11d50a3a" className="Blog.Tests.Controllers.AccountControllerTest, Blog.Tests, Version=1.0.0.0, Culture=neutral, PublicKeyToken=null" name="ChangePassword_Post_ReturnsViewIfModelStateIsInvalid" />
    </UnitTest>
    <UnitTest name="DeleteTest" storage="c:\documents and settings\sql\pulpit\blog\blog\blog.tests\bin\debug\blog.tests.dll" id="57901487-f8bf-748f-6ccf-36b062171c3a">
      <Execution id="c7acf697-f97e-433c-8960-650388abc3a2" />
      <TestMethod codeBase="C:/Documents and Settings/SQL/Pulpit/Blog/Blog/Blog.Tests/bin/Debug/Blog.Tests.DLL" adapterTypeName="Microsoft.VisualStudio.TestTools.TestTypes.Unit.UnitTestAdapter, Microsoft.VisualStudio.QualityTools.Tips.UnitTest.Adapter, Version=10.0.0.0, Culture=neutral, PublicKeyToken=b03f5f7f11d50a3a" className="Blog.Tests.AdministracjaControllerTest, Blog.Tests, Version=1.0.0.0, Culture=neutral, PublicKeyToken=null" name="DeleteTest" />
      <AspNet webSiteUrl="http://localhost:1032/">
        <Host pathToWebApp="C:\Documents and Settings\SQL\Pulpit\Blog\Blog\Blog" webAppRoot="/" />
      </AspNet>
    </UnitTest>
    <UnitTest name="PostTest" storage="c:\documents and settings\sql\pulpit\blog\blog\blog.tests\bin\debug\blog.tests.dll" id="56ce720c-2140-72d3-9655-43a8654017c6">
      <Execution id="6170d5a5-38db-483a-b922-89704aa7812a" />
      <TestMethod codeBase="C:/Documents and Settings/SQL/Pulpit/Blog/Blog/Blog.Tests/bin/Debug/Blog.Tests.DLL" adapterTypeName="Microsoft.VisualStudio.TestTools.TestTypes.Unit.UnitTestAdapter, Microsoft.VisualStudio.QualityTools.Tips.UnitTest.Adapter, Version=10.0.0.0, Culture=neutral, PublicKeyToken=b03f5f7f11d50a3a" className="Blog.Tests.AdministracjaControllerTest, Blog.Tests, Version=1.0.0.0, Culture=neutral, PublicKeyToken=null" name="PostTest" />
      <AspNet webSiteUrl="http://localhost:1032/">
        <Host pathToWebApp="C:\Documents and Settings\SQL\Pulpit\Blog\Blog\Blog" webAppRoot="/" />
      </AspNet>
    </UnitTest>
    <UnitTest name="LogOn_Post_ReturnsRedirectOnSuccess_WithoutReturnUrl" storage="c:\documents and settings\sql\pulpit\blog\blog\blog.tests\bin\debug\blog.tests.dll" id="726fc13a-1bcd-9bd4-47f1-de99063f1d56">
      <Execution id="4a90f2e4-f59f-4e94-ab64-44f3b9602ab7" />
      <TestMethod codeBase="C:/Documents and Settings/SQL/Pulpit/Blog/Blog/Blog.Tests/bin/Debug/Blog.Tests.DLL" adapterTypeName="Microsoft.VisualStudio.TestTools.TestTypes.Unit.UnitTestAdapter, Microsoft.VisualStudio.QualityTools.Tips.UnitTest.Adapter, Version=10.0.0.0, Culture=neutral, PublicKeyToken=b03f5f7f11d50a3a" className="Blog.Tests.Controllers.AccountControllerTest, Blog.Tests, Version=1.0.0.0, Culture=neutral, PublicKeyToken=null" name="LogOn_Post_ReturnsRedirectOnSuccess_WithoutReturnUrl" />
    </UnitTest>
    <UnitTest name="EditTest" storage="c:\documents and settings\sql\pulpit\blog\blog\blog.tests\bin\debug\blog.tests.dll" id="7aca6f90-688d-c81a-c5c3-437c1f101f80">
      <Execution id="c89f3849-c78f-4986-9130-b4395a2ca216" />
      <TestMethod codeBase="C:/Documents and Settings/SQL/Pulpit/Blog/Blog/Blog.Tests/bin/Debug/Blog.Tests.DLL" adapterTypeName="Microsoft.VisualStudio.TestTools.TestTypes.Unit.UnitTestAdapter, Microsoft.VisualStudio.QualityTools.Tips.UnitTest.Adapter, Version=10.0.0.0, Culture=neutral, PublicKeyToken=b03f5f7f11d50a3a" className="Blog.Tests.AdministracjaControllerTest, Blog.Tests, Version=1.0.0.0, Culture=neutral, PublicKeyToken=null" name="EditTest" />
      <AspNet webSiteUrl="http://localhost:1032/">
        <Host pathToWebApp="C:\Documents and Settings\SQL\Pulpit\Blog\Blog\Blog" webAppRoot="/" />
      </AspNet>
    </UnitTest>
    <UnitTest name="WyswietlPostyTest" storage="c:\documents and settings\sql\pulpit\blog\blog\blog.tests\bin\debug\blog.tests.dll" id="991f6fa4-fa34-004e-30ea-2b458b07e203">
      <Execution id="1b9bb37d-9df3-4bfc-ab40-f9d62cba25ff" />
      <TestMethod codeBase="C:/Documents and Settings/SQL/Pulpit/Blog/Blog/Blog.Tests/bin/Debug/Blog.Tests.DLL" adapterTypeName="Microsoft.VisualStudio.TestTools.TestTypes.Unit.UnitTestAdapter, Microsoft.VisualStudio.QualityTools.Tips.UnitTest.Adapter, Version=10.0.0.0, Culture=neutral, PublicKeyToken=b03f5f7f11d50a3a" className="Blog.Tests.AdministracjaControllerTest, Blog.Tests, Version=1.0.0.0, Culture=neutral, PublicKeyToken=null" name="WyswietlPostyTest" />
      <AspNet webSiteUrl="http://localhost:1032/">
        <Host pathToWebApp="C:\Documents and Settings\SQL\Pulpit\Blog\Blog\Blog" webAppRoot="/" />
      </AspNet>
    </UnitTest>
    <UnitTest name="Register_Post_ReturnsViewIfRegistrationFails" storage="c:\documents and settings\sql\pulpit\blog\blog\blog.tests\bin\debug\blog.tests.dll" id="a6b588d3-d7ce-097b-fb95-75cc843350ca">
      <Execution id="5d81e5ed-8dd9-4956-bd36-92a4acd18b51" />
      <TestMethod codeBase="C:/Documents and Settings/SQL/Pulpit/Blog/Blog/Blog.Tests/bin/Debug/Blog.Tests.DLL" adapterTypeName="Microsoft.VisualStudio.TestTools.TestTypes.Unit.UnitTestAdapter, Microsoft.VisualStudio.QualityTools.Tips.UnitTest.Adapter, Version=10.0.0.0, Culture=neutral, PublicKeyToken=b03f5f7f11d50a3a" className="Blog.Tests.Controllers.AccountControllerTest, Blog.Tests, Version=1.0.0.0, Culture=neutral, PublicKeyToken=null" name="Register_Post_ReturnsViewIfRegistrationFails" />
    </UnitTest>
    <UnitTest name="DodajKomTest1" storage="c:\documents and settings\sql\pulpit\blog\blog\blog.tests\bin\debug\blog.tests.dll" id="d412c0d6-1690-c641-1834-730d981b8d59">
      <Execution id="8f5a9ff4-8a85-4c58-a9f8-839de273dc4b" />
      <TestMethod codeBase="C:/Documents and Settings/SQL/Pulpit/Blog/Blog/Blog.Tests/bin/Debug/Blog.Tests.DLL" adapterTypeName="Microsoft.VisualStudio.TestTools.TestTypes.Unit.UnitTestAdapter, Microsoft.VisualStudio.QualityTools.Tips.UnitTest.Adapter, Version=10.0.0.0, Culture=neutral, PublicKeyToken=b03f5f7f11d50a3a" className="Blog.Tests.AdministracjaControllerTest, Blog.Tests, Version=1.0.0.0, Culture=neutral, PublicKeyToken=null" name="DodajKomTest1" />
      <AspNet webSiteUrl="http://localhost:1032/">
        <Host pathToWebApp="C:\Documents and Settings\SQL\Pulpit\Blog\Blog\Blog" webAppRoot="/" />
      </AspNet>
    </UnitTest>
    <UnitTest name="DodajPostTest" storage="c:\documents and settings\sql\pulpit\blog\blog\blog.tests\bin\debug\blog.tests.dll" id="34028fde-4d77-8288-f6b5-65eb80d88710">
      <Execution id="04a894a2-bc0f-418e-8495-474b14d6eba7" />
      <TestMethod codeBase="C:/Documents and Settings/SQL/Pulpit/Blog/Blog/Blog.Tests/bin/Debug/Blog.Tests.DLL" adapterTypeName="Microsoft.VisualStudio.TestTools.TestTypes.Unit.UnitTestAdapter, Microsoft.VisualStudio.QualityTools.Tips.UnitTest.Adapter, Version=10.0.0.0, Culture=neutral, PublicKeyToken=b03f5f7f11d50a3a" className="Blog.Tests.AdministracjaControllerTest, Blog.Tests, Version=1.0.0.0, Culture=neutral, PublicKeyToken=null" name="DodajPostTest" />
      <AspNet webSiteUrl="http://localhost:1032/">
        <Host pathToWebApp="C:\Documents and Settings\SQL\Pulpit\Blog\Blog\Blog" webAppRoot="/" />
      </AspNet>
    </UnitTest>
    <UnitTest name="UsunKomTest" storage="c:\documents and settings\sql\pulpit\blog\blog\blog.tests\bin\debug\blog.tests.dll" id="27b0148a-df20-bd81-c367-703566ba0c1b">
      <Execution id="309baa5c-7155-4e30-bf90-cd48404e6188" />
      <TestMethod codeBase="C:/Documents and Settings/SQL/Pulpit/Blog/Blog/Blog.Tests/bin/Debug/Blog.Tests.DLL" adapterTypeName="Microsoft.VisualStudio.TestTools.TestTypes.Unit.UnitTestAdapter, Microsoft.VisualStudio.QualityTools.Tips.UnitTest.Adapter, Version=10.0.0.0, Culture=neutral, PublicKeyToken=b03f5f7f11d50a3a" className="Blog.Tests.AdministracjaControllerTest, Blog.Tests, Version=1.0.0.0, Culture=neutral, PublicKeyToken=null" name="UsunKomTest" />
      <AspNet webSiteUrl="http://localhost:1032/">
        <Host pathToWebApp="C:\Documents and Settings\SQL\Pulpit\Blog\Blog\Blog" webAppRoot="/" />
      </AspNet>
    </UnitTest>
    <UnitTest name="DodajKomTest" storage="c:\documents and settings\sql\pulpit\blog\blog\blog.tests\bin\debug\blog.tests.dll" id="909a44e7-dbd5-b822-6359-1bdd04ff8d27">
      <Execution id="f9a044f3-3ff0-467f-b3cb-33bf361b95f2" />
      <TestMethod codeBase="C:/Documents and Settings/SQL/Pulpit/Blog/Blog/Blog.Tests/bin/Debug/Blog.Tests.DLL" adapterTypeName="Microsoft.VisualStudio.TestTools.TestTypes.Unit.UnitTestAdapter, Microsoft.VisualStudio.QualityTools.Tips.UnitTest.Adapter, Version=10.0.0.0, Culture=neutral, PublicKeyToken=b03f5f7f11d50a3a" className="Blog.Tests.AdministracjaControllerTest, Blog.Tests, Version=1.0.0.0, Culture=neutral, PublicKeyToken=null" name="DodajKomTest" />
      <AspNet webSiteUrl="http://localhost:1032/">
        <Host pathToWebApp="C:\Documents and Settings\SQL\Pulpit\Blog\Blog\Blog" webAppRoot="/" />
      </AspNet>
    </UnitTest>
    <UnitTest name="ChangePassword_Post_ReturnsRedirectOnSuccess" storage="c:\documents and settings\sql\pulpit\blog\blog\blog.tests\bin\debug\blog.tests.dll" id="d4e6421a-3e38-cc12-959f-d59f3b01bf7a">
      <Execution id="0695fed7-3860-4a0c-af40-341ee8b13491" />
      <TestMethod codeBase="C:/Documents and Settings/SQL/Pulpit/Blog/Blog/Blog.Tests/bin/Debug/Blog.Tests.DLL" adapterTypeName="Microsoft.VisualStudio.TestTools.TestTypes.Unit.UnitTestAdapter, Microsoft.VisualStudio.QualityTools.Tips.UnitTest.Adapter, Version=10.0.0.0, Culture=neutral, PublicKeyToken=b03f5f7f11d50a3a" className="Blog.Tests.Controllers.AccountControllerTest, Blog.Tests, Version=1.0.0.0, Culture=neutral, PublicKeyToken=null" name="ChangePassword_Post_ReturnsRedirectOnSuccess" />
    </UnitTest>
    <UnitTest name="IndexTest" storage="c:\documents and settings\sql\pulpit\blog\blog\blog.tests\bin\debug\blog.tests.dll" id="daea9d66-3502-e1c8-dc48-cbb4a65f713d">
      <Execution id="855d2835-f2f8-411b-b02e-331c694e072a" />
      <TestMethod codeBase="C:/Documents and Settings/SQL/Pulpit/Blog/Blog/Blog.Tests/bin/Debug/Blog.Tests.DLL" adapterTypeName="Microsoft.VisualStudio.TestTools.TestTypes.Unit.UnitTestAdapter, Microsoft.VisualStudio.QualityTools.Tips.UnitTest.Adapter, Version=10.0.0.0, Culture=neutral, PublicKeyToken=b03f5f7f11d50a3a" className="Blog.Tests.AdministracjaControllerTest, Blog.Tests, Version=1.0.0.0, Culture=neutral, PublicKeyToken=null" name="IndexTest" />
      <AspNet webSiteUrl="http://localhost:1032/">
        <Host pathToWebApp="C:\Documents and Settings\SQL\Pulpit\Blog\Blog\Blog" webAppRoot="/" />
      </AspNet>
    </UnitTest>
    <UnitTest name="LogOn_Post_ReturnsViewIfValidateUserFails" storage="c:\documents and settings\sql\pulpit\blog\blog\blog.tests\bin\debug\blog.tests.dll" id="e89981cb-0b8b-6777-ade8-610241e20a50">
      <Execution id="43904006-9062-473d-9dce-11b751a16f09" />
      <TestMethod codeBase="C:/Documents and Settings/SQL/Pulpit/Blog/Blog/Blog.Tests/bin/Debug/Blog.Tests.DLL" adapterTypeName="Microsoft.VisualStudio.TestTools.TestTypes.Unit.UnitTestAdapter, Microsoft.VisualStudio.QualityTools.Tips.UnitTest.Adapter, Version=10.0.0.0, Culture=neutral, PublicKeyToken=b03f5f7f11d50a3a" className="Blog.Tests.Controllers.AccountControllerTest, Blog.Tests, Version=1.0.0.0, Culture=neutral, PublicKeyToken=null" name="LogOn_Post_ReturnsViewIfValidateUserFails" />
    </UnitTest>
    <UnitTest name="Register_Post_ReturnsViewIfModelStateIsInvalid" storage="c:\documents and settings\sql\pulpit\blog\blog\blog.tests\bin\debug\blog.tests.dll" id="03be8fe1-1df7-4584-1a99-5451ad0e5f58">
      <Execution id="66dcf48d-4aac-4414-96c8-725832e30af1" />
      <TestMethod codeBase="C:/Documents and Settings/SQL/Pulpit/Blog/Blog/Blog.Tests/bin/Debug/Blog.Tests.DLL" adapterTypeName="Microsoft.VisualStudio.TestTools.TestTypes.Unit.UnitTestAdapter, Microsoft.VisualStudio.QualityTools.Tips.UnitTest.Adapter, Version=10.0.0.0, Culture=neutral, PublicKeyToken=b03f5f7f11d50a3a" className="Blog.Tests.Controllers.AccountControllerTest, Blog.Tests, Version=1.0.0.0, Culture=neutral, PublicKeyToken=null" name="Register_Post_ReturnsViewIfModelStateIsInvalid" />
    </UnitTest>
    <UnitTest name="PostyOznaczoneTagiemTest" storage="c:\documents and settings\sql\pulpit\blog\blog\blog.tests\bin\debug\blog.tests.dll" id="36c1186a-eb2e-948f-d256-eed6571c7eff">
      <Execution id="1e9b6333-a332-47cd-858a-389223ea9096" />
      <TestMethod codeBase="C:/Documents and Settings/SQL/Pulpit/Blog/Blog/Blog.Tests/bin/Debug/Blog.Tests.DLL" adapterTypeName="Microsoft.VisualStudio.TestTools.TestTypes.Unit.UnitTestAdapter, Microsoft.VisualStudio.QualityTools.Tips.UnitTest.Adapter, Version=10.0.0.0, Culture=neutral, PublicKeyToken=b03f5f7f11d50a3a" className="Blog.Tests.AdministracjaControllerTest, Blog.Tests, Version=1.0.0.0, Culture=neutral, PublicKeyToken=null" name="PostyOznaczoneTagiemTest" />
      <AspNet webSiteUrl="http://localhost:1032/">
        <Host pathToWebApp="C:\Documents and Settings\SQL\Pulpit\Blog\Blog\Blog" webAppRoot="/" />
      </AspNet>
    </UnitTest>
    <UnitTest name="About" storage="c:\documents and settings\sql\pulpit\blog\blog\blog.tests\bin\debug\blog.tests.dll" id="166264b4-e92b-2a65-4c71-c1906151ba99">
      <Execution id="bf975e49-f421-4a05-bc83-7430c910fedc" />
      <TestMethod codeBase="C:/Documents and Settings/SQL/Pulpit/Blog/Blog/Blog.Tests/bin/Debug/Blog.Tests.DLL" adapterTypeName="Microsoft.VisualStudio.TestTools.TestTypes.Unit.UnitTestAdapter, Microsoft.VisualStudio.QualityTools.Tips.UnitTest.Adapter, Version=10.0.0.0, Culture=neutral, PublicKeyToken=b03f5f7f11d50a3a" className="Blog.Tests.Controllers.HomeControllerTest, Blog.Tests, Version=1.0.0.0, Culture=neutral, PublicKeyToken=null" name="About" />
    </UnitTest>
    <UnitTest name="ChangePassword_Get_ReturnsView" storage="c:\documents and settings\sql\pulpit\blog\blog\blog.tests\bin\debug\blog.tests.dll" id="5e9f54d9-4492-44ee-777f-a8420deb60ff">
      <Execution id="3a02a5e8-f99a-47a0-9480-670b4d3970d9" />
      <TestMethod codeBase="C:/Documents and Settings/SQL/Pulpit/Blog/Blog/Blog.Tests/bin/Debug/Blog.Tests.DLL" adapterTypeName="Microsoft.VisualStudio.TestTools.TestTypes.Unit.UnitTestAdapter, Microsoft.VisualStudio.QualityTools.Tips.UnitTest.Adapter, Version=10.0.0.0, Culture=neutral, PublicKeyToken=b03f5f7f11d50a3a" className="Blog.Tests.Controllers.AccountControllerTest, Blog.Tests, Version=1.0.0.0, Culture=neutral, PublicKeyToken=null" name="ChangePassword_Get_ReturnsView" />
    </UnitTest>
    <UnitTest name="ChangePassword_Post_ReturnsViewIfChangePasswordFails" storage="c:\documents and settings\sql\pulpit\blog\blog\blog.tests\bin\debug\blog.tests.dll" id="205a1e47-d331-9499-1894-53ad8f9fccab">
      <Execution id="2ff3e29b-a891-4dcf-8795-614e0f081d66" />
      <TestMethod codeBase="C:/Documents and Settings/SQL/Pulpit/Blog/Blog/Blog.Tests/bin/Debug/Blog.Tests.DLL" adapterTypeName="Microsoft.VisualStudio.TestTools.TestTypes.Unit.UnitTestAdapter, Microsoft.VisualStudio.QualityTools.Tips.UnitTest.Adapter, Version=10.0.0.0, Culture=neutral, PublicKeyToken=b03f5f7f11d50a3a" className="Blog.Tests.Controllers.AccountControllerTest, Blog.Tests, Version=1.0.0.0, Culture=neutral, PublicKeyToken=null" name="ChangePassword_Post_ReturnsViewIfChangePasswordFails" />
    </UnitTest>
    <UnitTest name="LogOn_Get_ReturnsView" storage="c:\documents and settings\sql\pulpit\blog\blog\blog.tests\bin\debug\blog.tests.dll" id="d805d901-f9f7-5711-074f-7866dead8a43">
      <Execution id="da655c9c-53e7-43ba-b899-86db6103b96b" />
      <TestMethod codeBase="C:/Documents and Settings/SQL/Pulpit/Blog/Blog/Blog.Tests/bin/Debug/Blog.Tests.DLL" adapterTypeName="Microsoft.VisualStudio.TestTools.TestTypes.Unit.UnitTestAdapter, Microsoft.VisualStudio.QualityTools.Tips.UnitTest.Adapter, Version=10.0.0.0, Culture=neutral, PublicKeyToken=b03f5f7f11d50a3a" className="Blog.Tests.Controllers.AccountControllerTest, Blog.Tests, Version=1.0.0.0, Culture=neutral, PublicKeyToken=null" name="LogOn_Get_ReturnsView" />
    </UnitTest>
    <UnitTest name="Index" storage="c:\documents and settings\sql\pulpit\blog\blog\blog.tests\bin\debug\blog.tests.dll" id="39e9bcc6-76c8-ed1a-43aa-d2aaa3dd976d">
      <Execution id="c746f99c-6ddc-47f5-9b6a-97df58c8b112" />
      <TestMethod codeBase="C:/Documents and Settings/SQL/Pulpit/Blog/Blog/Blog.Tests/bin/Debug/Blog.Tests.DLL" adapterTypeName="Microsoft.VisualStudio.TestTools.TestTypes.Unit.UnitTestAdapter, Microsoft.VisualStudio.QualityTools.Tips.UnitTest.Adapter, Version=10.0.0.0, Culture=neutral, PublicKeyToken=b03f5f7f11d50a3a" className="Blog.Tests.Controllers.HomeControllerTest, Blog.Tests, Version=1.0.0.0, Culture=neutral, PublicKeyToken=null" name="Index" />
    </UnitTest>
    <UnitTest name="DodajPostTest1" storage="c:\documents and settings\sql\pulpit\blog\blog\blog.tests\bin\debug\blog.tests.dll" id="06f23152-e28d-d479-6c9e-03c6f54bfb95">
      <Execution id="308fd935-3aa2-4ea7-8bfb-21c36e18e68a" />
      <TestMethod codeBase="C:/Documents and Settings/SQL/Pulpit/Blog/Blog/Blog.Tests/bin/Debug/Blog.Tests.DLL" adapterTypeName="Microsoft.VisualStudio.TestTools.TestTypes.Unit.UnitTestAdapter, Microsoft.VisualStudio.QualityTools.Tips.UnitTest.Adapter, Version=10.0.0.0, Culture=neutral, PublicKeyToken=b03f5f7f11d50a3a" className="Blog.Tests.AdministracjaControllerTest, Blog.Tests, Version=1.0.0.0, Culture=neutral, PublicKeyToken=null" name="DodajPostTest1" />
      <AspNet webSiteUrl="http://localhost:1032/">
        <Host pathToWebApp="C:\Documents and Settings\SQL\Pulpit\Blog\Blog\Blog" webAppRoot="/" />
      </AspNet>
    </UnitTest>
    <UnitTest name="ChangePasswordSuccess_ReturnsView" storage="c:\documents and settings\sql\pulpit\blog\blog\blog.tests\bin\debug\blog.tests.dll" id="4d59d669-73e8-29e9-802d-250f6e65941d">
      <Execution id="15297ab1-3cc9-496d-8f20-8f42cc002655" />
      <TestMethod codeBase="C:/Documents and Settings/SQL/Pulpit/Blog/Blog/Blog.Tests/bin/Debug/Blog.Tests.DLL" adapterTypeName="Microsoft.VisualStudio.TestTools.TestTypes.Unit.UnitTestAdapter, Microsoft.VisualStudio.QualityTools.Tips.UnitTest.Adapter, Version=10.0.0.0, Culture=neutral, PublicKeyToken=b03f5f7f11d50a3a" className="Blog.Tests.Controllers.AccountControllerTest, Blog.Tests, Version=1.0.0.0, Culture=neutral, PublicKeyToken=null" name="ChangePasswordSuccess_ReturnsView" />
    </UnitTest>
    <UnitTest name="LogOn_Post_ReturnsRedirectOnSuccess_WithLocalReturnUrl" storage="c:\documents and settings\sql\pulpit\blog\blog\blog.tests\bin\debug\blog.tests.dll" id="7869b598-25c4-1214-5dfe-33c58fa20a01">
      <Execution id="685cfb3d-6b21-488f-bf2a-b37aa06a9cc0" />
      <TestMethod codeBase="C:/Documents and Settings/SQL/Pulpit/Blog/Blog/Blog.Tests/bin/Debug/Blog.Tests.DLL" adapterTypeName="Microsoft.VisualStudio.TestTools.TestTypes.Unit.UnitTestAdapter, Microsoft.VisualStudio.QualityTools.Tips.UnitTest.Adapter, Version=10.0.0.0, Culture=neutral, PublicKeyToken=b03f5f7f11d50a3a" className="Blog.Tests.Controllers.AccountControllerTest, Blog.Tests, Version=1.0.0.0, Culture=neutral, PublicKeyToken=null" name="LogOn_Post_ReturnsRedirectOnSuccess_WithLocalReturnUrl" />
    </UnitTest>
    <UnitTest name="AdministracjaControllerConstructorTest" storage="c:\documents and settings\sql\pulpit\blog\blog\blog.tests\bin\debug\blog.tests.dll" id="dc306a54-e9dc-5340-4d2d-3941cbfb0361">
      <Execution id="1692a245-00f6-44b6-8ee5-bed6fa68e861" />
      <TestMethod codeBase="C:/Documents and Settings/SQL/Pulpit/Blog/Blog/Blog.Tests/bin/Debug/Blog.Tests.DLL" adapterTypeName="Microsoft.VisualStudio.TestTools.TestTypes.Unit.UnitTestAdapter, Microsoft.VisualStudio.QualityTools.Tips.UnitTest.Adapter, Version=10.0.0.0, Culture=neutral, PublicKeyToken=b03f5f7f11d50a3a" className="Blog.Tests.AdministracjaControllerTest, Blog.Tests, Version=1.0.0.0, Culture=neutral, PublicKeyToken=null" name="AdministracjaControllerConstructorTest" />
      <AspNet webSiteUrl="http://localhost:1032/">
        <Host pathToWebApp="C:\Documents and Settings\SQL\Pulpit\Blog\Blog\Blog" webAppRoot="/" />
      </AspNet>
    </UnitTest>
    <UnitTest name="WysKomentarzeTest" storage="c:\documents and settings\sql\pulpit\blog\blog\blog.tests\bin\debug\blog.tests.dll" id="06d0ff14-93ae-a42c-e02c-1f126f9257c9">
      <Execution id="33904e3d-1be8-43ff-996c-d3761f99c16c" />
      <TestMethod codeBase="C:/Documents and Settings/SQL/Pulpit/Blog/Blog/Blog.Tests/bin/Debug/Blog.Tests.DLL" adapterTypeName="Microsoft.VisualStudio.TestTools.TestTypes.Unit.UnitTestAdapter, Microsoft.VisualStudio.QualityTools.Tips.UnitTest.Adapter, Version=10.0.0.0, Culture=neutral, PublicKeyToken=b03f5f7f11d50a3a" className="Blog.Tests.AdministracjaControllerTest, Blog.Tests, Version=1.0.0.0, Culture=neutral, PublicKeyToken=null" name="WysKomentarzeTest" />
      <AspNet webSiteUrl="http://localhost:1032/">
        <Host pathToWebApp="C:\Documents and Settings\SQL\Pulpit\Blog\Blog\Blog" webAppRoot="/" />
      </AspNet>
    </UnitTest>
    <UnitTest name="LogOn_Post_ReturnsViewIfModelStateIsInvalid" storage="c:\documents and settings\sql\pulpit\blog\blog\blog.tests\bin\debug\blog.tests.dll" id="169a3289-f32f-07cd-cbeb-20e0414e6b97">
      <Execution id="c2696a05-4eee-4aa2-990d-c9558180277d" />
      <TestMethod codeBase="C:/Documents and Settings/SQL/Pulpit/Blog/Blog/Blog.Tests/bin/Debug/Blog.Tests.DLL" adapterTypeName="Microsoft.VisualStudio.TestTools.TestTypes.Unit.UnitTestAdapter, Microsoft.VisualStudio.QualityTools.Tips.UnitTest.Adapter, Version=10.0.0.0, Culture=neutral, PublicKeyToken=b03f5f7f11d50a3a" className="Blog.Tests.Controllers.AccountControllerTest, Blog.Tests, Version=1.0.0.0, Culture=neutral, PublicKeyToken=null" name="LogOn_Post_ReturnsViewIfModelStateIsInvalid" />
    </UnitTest>
  </TestDefinitions>
  <TestLists>
    <TestList name="Results Not in a List" id="8c84fa94-04c1-424b-9868-57a2d4851a1d" />
    <TestList name="All Loaded Results" id="19431567-8539-422a-85d7-44ee4e166bda" />
  </TestLists>
  <TestEntries>
    <TestEntry testId="03be8fe1-1df7-4584-1a99-5451ad0e5f58" executionId="66dcf48d-4aac-4414-96c8-725832e30af1" testListId="8c84fa94-04c1-424b-9868-57a2d4851a1d" />
    <TestEntry testId="06d0ff14-93ae-a42c-e02c-1f126f9257c9" executionId="33904e3d-1be8-43ff-996c-d3761f99c16c" testListId="8c84fa94-04c1-424b-9868-57a2d4851a1d" />
    <TestEntry testId="06f23152-e28d-d479-6c9e-03c6f54bfb95" executionId="308fd935-3aa2-4ea7-8bfb-21c36e18e68a" testListId="8c84fa94-04c1-424b-9868-57a2d4851a1d" />
    <TestEntry testId="166264b4-e92b-2a65-4c71-c1906151ba99" executionId="bf975e49-f421-4a05-bc83-7430c910fedc" testListId="8c84fa94-04c1-424b-9868-57a2d4851a1d" />
    <TestEntry testId="169a3289-f32f-07cd-cbeb-20e0414e6b97" executionId="c2696a05-4eee-4aa2-990d-c9558180277d" testListId="8c84fa94-04c1-424b-9868-57a2d4851a1d" />
    <TestEntry testId="205a1e47-d331-9499-1894-53ad8f9fccab" executionId="2ff3e29b-a891-4dcf-8795-614e0f081d66" testListId="8c84fa94-04c1-424b-9868-57a2d4851a1d" />
    <TestEntry testId="27b0148a-df20-bd81-c367-703566ba0c1b" executionId="309baa5c-7155-4e30-bf90-cd48404e6188" testListId="8c84fa94-04c1-424b-9868-57a2d4851a1d" />
    <TestEntry testId="34028fde-4d77-8288-f6b5-65eb80d88710" executionId="04a894a2-bc0f-418e-8495-474b14d6eba7" testListId="8c84fa94-04c1-424b-9868-57a2d4851a1d" />
    <TestEntry testId="36c1186a-eb2e-948f-d256-eed6571c7eff" executionId="1e9b6333-a332-47cd-858a-389223ea9096" testListId="8c84fa94-04c1-424b-9868-57a2d4851a1d" />
    <TestEntry testId="39e9bcc6-76c8-ed1a-43aa-d2aaa3dd976d" executionId="c746f99c-6ddc-47f5-9b6a-97df58c8b112" testListId="8c84fa94-04c1-424b-9868-57a2d4851a1d" />
    <TestEntry testId="3af9e023-8413-9574-0efb-b3e1fec209bc" executionId="c798ea09-d49d-442f-b9cb-4aad785cbf21" testListId="8c84fa94-04c1-424b-9868-57a2d4851a1d" />
    <TestEntry testId="42e4128c-17e2-b5a9-e1d9-3b2d8668ba5a" executionId="704fc559-baaa-4408-b316-906d7a620b40" testListId="8c84fa94-04c1-424b-9868-57a2d4851a1d" />
    <TestEntry testId="4d59d669-73e8-29e9-802d-250f6e65941d" executionId="15297ab1-3cc9-496d-8f20-8f42cc002655" testListId="8c84fa94-04c1-424b-9868-57a2d4851a1d" />
    <TestEntry testId="4f4207e6-8fa8-e9f1-2965-96855e8e0986" executionId="ac4c276a-ca16-4803-bc50-6baa55021ccf" testListId="8c84fa94-04c1-424b-9868-57a2d4851a1d" />
    <TestEntry testId="56ce720c-2140-72d3-9655-43a8654017c6" executionId="6170d5a5-38db-483a-b922-89704aa7812a" testListId="8c84fa94-04c1-424b-9868-57a2d4851a1d" />
    <TestEntry testId="57901487-f8bf-748f-6ccf-36b062171c3a" executionId="c7acf697-f97e-433c-8960-650388abc3a2" testListId="8c84fa94-04c1-424b-9868-57a2d4851a1d" />
    <TestEntry testId="5e9f54d9-4492-44ee-777f-a8420deb60ff" executionId="3a02a5e8-f99a-47a0-9480-670b4d3970d9" testListId="8c84fa94-04c1-424b-9868-57a2d4851a1d" />
    <TestEntry testId="726fc13a-1bcd-9bd4-47f1-de99063f1d56" executionId="4a90f2e4-f59f-4e94-ab64-44f3b9602ab7" testListId="8c84fa94-04c1-424b-9868-57a2d4851a1d" />
    <TestEntry testId="7869b598-25c4-1214-5dfe-33c58fa20a01" executionId="685cfb3d-6b21-488f-bf2a-b37aa06a9cc0" testListId="8c84fa94-04c1-424b-9868-57a2d4851a1d" />
    <TestEntry testId="7aca6f90-688d-c81a-c5c3-437c1f101f80" executionId="c89f3849-c78f-4986-9130-b4395a2ca216" testListId="8c84fa94-04c1-424b-9868-57a2d4851a1d" />
    <TestEntry testId="909a44e7-dbd5-b822-6359-1bdd04ff8d27" executionId="f9a044f3-3ff0-467f-b3cb-33bf361b95f2" testListId="8c84fa94-04c1-424b-9868-57a2d4851a1d" />
    <TestEntry testId="9601a7ae-bb3a-2892-5c39-397ef89a0b1b" executionId="dbf44845-b095-4be9-b4ad-17c2b989c58e" testListId="8c84fa94-04c1-424b-9868-57a2d4851a1d" />
    <TestEntry testId="96c0059b-1c41-71af-f167-06e2c893db15" executionId="4e1aae62-bc97-4255-8f54-e7de79529edb" testListId="8c84fa94-04c1-424b-9868-57a2d4851a1d" />
    <TestEntry testId="991f6fa4-fa34-004e-30ea-2b458b07e203" executionId="1b9bb37d-9df3-4bfc-ab40-f9d62cba25ff" testListId="8c84fa94-04c1-424b-9868-57a2d4851a1d" />
    <TestEntry testId="a1b77401-1bd9-f9dd-387b-d29b1a396fb4" executionId="c594a045-4f2e-45d3-8791-2e67e4f19e08" testListId="8c84fa94-04c1-424b-9868-57a2d4851a1d" />
    <TestEntry testId="a6b588d3-d7ce-097b-fb95-75cc843350ca" executionId="5d81e5ed-8dd9-4956-bd36-92a4acd18b51" testListId="8c84fa94-04c1-424b-9868-57a2d4851a1d" />
    <TestEntry testId="a9291e12-4841-3a5c-f637-09403db212c0" executionId="8eb0d917-4f55-4cef-ace6-fed492991487" testListId="8c84fa94-04c1-424b-9868-57a2d4851a1d" />
    <TestEntry testId="ae13f39b-f0eb-e24d-8d11-7a7092f2ebda" executionId="6629f266-7cdb-4d60-b1d1-068865c581c6" testListId="8c84fa94-04c1-424b-9868-57a2d4851a1d" />
    <TestEntry testId="d412c0d6-1690-c641-1834-730d981b8d59" executionId="8f5a9ff4-8a85-4c58-a9f8-839de273dc4b" testListId="8c84fa94-04c1-424b-9868-57a2d4851a1d" />
    <TestEntry testId="d4e6421a-3e38-cc12-959f-d59f3b01bf7a" executionId="0695fed7-3860-4a0c-af40-341ee8b13491" testListId="8c84fa94-04c1-424b-9868-57a2d4851a1d" />
    <TestEntry testId="d805d901-f9f7-5711-074f-7866dead8a43" executionId="da655c9c-53e7-43ba-b899-86db6103b96b" testListId="8c84fa94-04c1-424b-9868-57a2d4851a1d" />
    <TestEntry testId="daea9d66-3502-e1c8-dc48-cbb4a65f713d" executionId="855d2835-f2f8-411b-b02e-331c694e072a" testListId="8c84fa94-04c1-424b-9868-57a2d4851a1d" />
    <TestEntry testId="dc306a54-e9dc-5340-4d2d-3941cbfb0361" executionId="1692a245-00f6-44b6-8ee5-bed6fa68e861" testListId="8c84fa94-04c1-424b-9868-57a2d4851a1d" />
    <TestEntry testId="e41f0101-44d6-db5c-c8a3-3986285f8e93" executionId="22d4e3dc-db16-4621-94e1-f4bf03737392" testListId="8c84fa94-04c1-424b-9868-57a2d4851a1d" />
    <TestEntry testId="e89981cb-0b8b-6777-ade8-610241e20a50" executionId="43904006-9062-473d-9dce-11b751a16f09" testListId="8c84fa94-04c1-424b-9868-57a2d4851a1d" />
    <TestEntry testId="f5fb9af2-4042-d259-4852-58b1592b1473" executionId="213fa028-0832-4c57-939c-a2173da686ed" testListId="8c84fa94-04c1-424b-9868-57a2d4851a1d" />
  </TestEntries>
  <Results>
    <UnitTestResult executionId="66dcf48d-4aac-4414-96c8-725832e30af1" testId="03be8fe1-1df7-4584-1a99-5451ad0e5f58" testName="Register_Post_ReturnsViewIfModelStateIsInvalid" computerName="MASZYNA" duration="00:00:00.2414250" startTime="2011-05-31T00:05:26.6560800+02:00" endTime="2011-05-31T00:05:27.2869872+02:00" testType="13cdc9d9-ddb5-4fa4-a97d-d965ccfc6d4b" outcome="Passed" testListId="8c84fa94-04c1-424b-9868-57a2d4851a1d" relativeResultsDirectory="66dcf48d-4aac-4414-96c8-725832e30af1">
    </UnitTestResult>
    <UnitTestResult executionId="33904e3d-1be8-43ff-996c-d3761f99c16c" testId="06d0ff14-93ae-a42c-e02c-1f126f9257c9" testName="WysKomentarzeTest" computerName="MASZYNA" startTime="2011-05-31T00:05:27.3570880+02:00" endTime="2011-05-31T00:05:31.9136400+02:00" testType="13cdc9d9-ddb5-4fa4-a97d-d965ccfc6d4b" outcome="Failed" testListId="8c84fa94-04c1-424b-9868-57a2d4851a1d" relativeResultsDirectory="33904e3d-1be8-43ff-996c-d3761f99c16c">
      <Output>
        <ErrorInfo>
          <Message>The Web request 'http://localhost:2187/' completed successfully without running the test. This can occur when configuring the Web application for testing fails (an ASP.NET server error occurs when processing the request), or when no ASP.NET page is executed (the URL may point to an HTML page, a Web service, or a directory listing). Running tests in ASP.NET requires the URL to resolve to an ASP.NET page and for the page to execute properly up to the Load event. The response from the request is stored in the file 'WebRequestResponse_WysKomentarzeTest.html' with the test results; typically this file can be opened with a Web browser to view its contents.</Message>
        </ErrorInfo>
      </Output>
      <ResultFiles>
        <ResultFile path="MASZYNA\WebRequestResponse_WysKomentarzeTest.html" />
      </ResultFiles>
    </UnitTestResult>
    <UnitTestResult executionId="308fd935-3aa2-4ea7-8bfb-21c36e18e68a" testId="06f23152-e28d-d479-6c9e-03c6f54bfb95" testName="DodajPostTest1" computerName="MASZYNA" startTime="2011-05-31T00:05:31.9236544+02:00" endTime="2011-05-31T00:05:31.9937552+02:00" testType="13cdc9d9-ddb5-4fa4-a97d-d965ccfc6d4b" outcome="Failed" testListId="8c84fa94-04c1-424b-9868-57a2d4851a1d" relativeResultsDirectory="308fd935-3aa2-4ea7-8bfb-21c36e18e68a">
      <Output>
        <ErrorInfo>
          <Message>The Web request 'http://localhost:2187/' completed successfully without running the test. This can occur when configuring the Web application for testing fails (an ASP.NET server error occurs when processing the request), or when no ASP.NET page is executed (the URL may point to an HTML page, a Web service, or a directory listing). Running tests in ASP.NET requires the URL to resolve to an ASP.NET page and for the page to execute properly up to the Load event. The response from the request is stored in the file 'WebRequestResponse_DodajPostTest1.html' with the test results; typically this file can be opened with a Web browser to view its contents.</Message>
        </ErrorInfo>
      </Output>
      <ResultFiles>
        <ResultFile path="MASZYNA\WebRequestResponse_DodajPostTest1.html" />
      </ResultFiles>
    </UnitTestResult>
    <UnitTestResult executionId="bf975e49-f421-4a05-bc83-7430c910fedc" testId="166264b4-e92b-2a65-4c71-c1906151ba99" testName="About" computerName="MASZYNA" duration="00:00:00.1245638" startTime="2011-05-31T00:05:31.9937552+02:00" endTime="2011-05-31T00:05:32.1640000+02:00" testType="13cdc9d9-ddb5-4fa4-a97d-d965ccfc6d4b" outcome="Failed" testListId="8c84fa94-04c1-424b-9868-57a2d4851a1d" relativeResultsDirectory="bf975e49-f421-4a05-bc83-7430c910fedc">
      <Output>
        <ErrorInfo>
          <Message>Test method Blog.Tests.Controllers.HomeControllerTest.About threw exception: 
System.ArgumentException: The specified named connection is either not found in the configuration, not intended to be used with the EntityClient provider, or not valid.</Message>
          <StackTrace>    at System.Data.EntityClient.EntityConnection.ChangeConnectionString(String newConnectionString)
   at System.Data.EntityClient.EntityConnection..ctor(String connectionString)
   at System.Data.Objects.ObjectContext.CreateEntityConnection(String connectionString)
   at System.Data.Objects.ObjectContext..ctor(String connectionString, String defaultContainerName)
   at Blog.Models.BlogEntities..ctor() in C:\Documents and Settings\SQL\Pulpit\Blog\Blog\Blog\Models\BlogDB.Designer.cs:line 42
   at Blog.Controllers.HomeController..ctor() in C:\Documents and Settings\SQL\Pulpit\Blog\Blog\Blog\Controllers\HomeController.cs:line 13
   at Blog.Tests.Controllers.HomeControllerTest.About() in C:\Documents and Settings\SQL\Pulpit\Blog\Blog\Blog.Tests\Controllers\HomeControllerTest.cs:line 39
</StackTrace>
        </ErrorInfo>
      </Output>
    </UnitTestResult>
    <UnitTestResult executionId="c2696a05-4eee-4aa2-990d-c9558180277d" testId="169a3289-f32f-07cd-cbeb-20e0414e6b97" testName="LogOn_Post_ReturnsViewIfModelStateIsInvalid" computerName="MASZYNA" duration="00:00:00.0068715" startTime="2011-05-31T00:05:32.1740144+02:00" endTime="2011-05-31T00:05:32.1840288+02:00" testType="13cdc9d9-ddb5-4fa4-a97d-d965ccfc6d4b" outcome="Passed" testListId="8c84fa94-04c1-424b-9868-57a2d4851a1d" relativeResultsDirectory="c2696a05-4eee-4aa2-990d-c9558180277d">
    </UnitTestResult>
    <UnitTestResult executionId="2ff3e29b-a891-4dcf-8795-614e0f081d66" testId="205a1e47-d331-9499-1894-53ad8f9fccab" testName="ChangePassword_Post_ReturnsViewIfChangePasswordFails" computerName="MASZYNA" duration="00:00:00.0077009" startTime="2011-05-31T00:05:32.1940432+02:00" endTime="2011-05-31T00:05:32.2040576+02:00" testType="13cdc9d9-ddb5-4fa4-a97d-d965ccfc6d4b" outcome="Passed" testListId="8c84fa94-04c1-424b-9868-57a2d4851a1d" relativeResultsDirectory="2ff3e29b-a891-4dcf-8795-614e0f081d66">
    </UnitTestResult>
    <UnitTestResult executionId="309baa5c-7155-4e30-bf90-cd48404e6188" testId="27b0148a-df20-bd81-c367-703566ba0c1b" testName="UsunKomTest" computerName="MASZYNA" startTime="2011-05-31T00:05:32.2040576+02:00" endTime="2011-05-31T00:05:32.2541296+02:00" testType="13cdc9d9-ddb5-4fa4-a97d-d965ccfc6d4b" outcome="Failed" testListId="8c84fa94-04c1-424b-9868-57a2d4851a1d" relativeResultsDirectory="309baa5c-7155-4e30-bf90-cd48404e6188">
      <Output>
        <ErrorInfo>
          <Message>The Web request 'http://localhost:2187/' completed successfully without running the test. This can occur when configuring the Web application for testing fails (an ASP.NET server error occurs when processing the request), or when no ASP.NET page is executed (the URL may point to an HTML page, a Web service, or a directory listing). Running tests in ASP.NET requires the URL to resolve to an ASP.NET page and for the page to execute properly up to the Load event. The response from the request is stored in the file 'WebRequestResponse_UsunKomTest.html' with the test results; typically this file can be opened with a Web browser to view its contents.</Message>
        </ErrorInfo>
      </Output>
      <ResultFiles>
        <ResultFile path="MASZYNA\WebRequestResponse_UsunKomTest.html" />
      </ResultFiles>
    </UnitTestResult>
    <UnitTestResult executionId="04a894a2-bc0f-418e-8495-474b14d6eba7" testId="34028fde-4d77-8288-f6b5-65eb80d88710" testName="DodajPostTest" computerName="MASZYNA" startTime="2011-05-31T00:05:32.2541296+02:00" endTime="2011-05-31T00:05:32.3142160+02:00" testType="13cdc9d9-ddb5-4fa4-a97d-d965ccfc6d4b" outcome="Failed" testListId="8c84fa94-04c1-424b-9868-57a2d4851a1d" relativeResultsDirectory="04a894a2-bc0f-418e-8495-474b14d6eba7">
      <Output>
        <ErrorInfo>
          <Message>The Web request 'http://localhost:2187/' completed successfully without running the test. This can occur when configuring the Web application for testing fails (an ASP.NET server error occurs when processing the request), or when no ASP.NET page is executed (the URL may point to an HTML page, a Web service, or a directory listing). Running tests in ASP.NET requires the URL to resolve to an ASP.NET page and for the page to execute properly up to the Load event. The response from the request is stored in the file 'WebRequestResponse_DodajPostTest.html' with the test results; typically this file can be opened with a Web browser to view its contents.</Message>
        </ErrorInfo>
      </Output>
      <ResultFiles>
        <ResultFile path="MASZYNA\WebRequestResponse_DodajPostTest.html" />
      </ResultFiles>
    </UnitTestResult>
    <UnitTestResult executionId="1e9b6333-a332-47cd-858a-389223ea9096" testId="36c1186a-eb2e-948f-d256-eed6571c7eff" testName="PostyOznaczoneTagiemTest" computerName="MASZYNA" startTime="2011-05-31T00:05:32.3242304+02:00" endTime="2011-05-31T00:05:32.3843168+02:00" testType="13cdc9d9-ddb5-4fa4-a97d-d965ccfc6d4b" outcome="Failed" testListId="8c84fa94-04c1-424b-9868-57a2d4851a1d" relativeResultsDirectory="1e9b6333-a332-47cd-858a-389223ea9096">
      <Output>
        <ErrorInfo>
          <Message>The Web request 'http://localhost:2187/' completed successfully without running the test. This can occur when configuring the Web application for testing fails (an ASP.NET server error occurs when processing the request), or when no ASP.NET page is executed (the URL may point to an HTML page, a Web service, or a directory listing). Running tests in ASP.NET requires the URL to resolve to an ASP.NET page and for the page to execute properly up to the Load event. The response from the request is stored in the file 'WebRequestResponse_PostyOznaczoneTagiem.html' with the test results; typically this file can be opened with a Web browser to view its contents.</Message>
        </ErrorInfo>
      </Output>
      <ResultFiles>
        <ResultFile path="MASZYNA\WebRequestResponse_PostyOznaczoneTagiem.html" />
      </ResultFiles>
    </UnitTestResult>
    <UnitTestResult executionId="c746f99c-6ddc-47f5-9b6a-97df58c8b112" testId="39e9bcc6-76c8-ed1a-43aa-d2aaa3dd976d" testName="Index" computerName="MASZYNA" duration="00:00:00.0059867" startTime="2011-05-31T00:05:32.3943312+02:00" endTime="2011-05-31T00:05:32.4143600+02:00" testType="13cdc9d9-ddb5-4fa4-a97d-d965ccfc6d4b" outcome="Failed" testListId="8c84fa94-04c1-424b-9868-57a2d4851a1d" relativeResultsDirectory="c746f99c-6ddc-47f5-9b6a-97df58c8b112">
      <Output>
        <ErrorInfo>
          <Message>Test method Blog.Tests.Controllers.HomeControllerTest.Index threw exception: 
System.ArgumentException: The specified named connection is either not found in the configuration, not intended to be used with the EntityClient provider, or not valid.</Message>
          <StackTrace>    at System.Data.EntityClient.EntityConnection.ChangeConnectionString(String newConnectionString)
   at System.Data.EntityClient.EntityConnection..ctor(String connectionString)
   at System.Data.Objects.ObjectContext.CreateEntityConnection(String connectionString)
   at System.Data.Objects.ObjectContext..ctor(String connectionString, String defaultContainerName)
   at Blog.Models.BlogEntities..ctor() in C:\Documents and Settings\SQL\Pulpit\Blog\Blog\Blog\Models\BlogDB.Designer.cs:line 42
   at Blog.Controllers.HomeController..ctor() in C:\Documents and Settings\SQL\Pulpit\Blog\Blog\Blog\Controllers\HomeController.cs:line 13
   at Blog.Tests.Controllers.HomeControllerTest.Index() in C:\Documents and Settings\SQL\Pulpit\Blog\Blog\Blog.Tests\Controllers\HomeControllerTest.cs:line 25
</StackTrace>
        </ErrorInfo>
      </Output>
    </UnitTestResult>
    <UnitTestResult executionId="c798ea09-d49d-442f-b9cb-4aad785cbf21" testId="3af9e023-8413-9574-0efb-b3e1fec209bc" testName="Register_Post_ReturnsRedirectOnSuccess" computerName="MASZYNA" duration="00:00:00.0040859" startTime="2011-05-31T00:05:32.4444032+02:00" endTime="2011-05-31T00:05:32.4544176+02:00" testType="13cdc9d9-ddb5-4fa4-a97d-d965ccfc6d4b" outcome="Passed" testListId="8c84fa94-04c1-424b-9868-57a2d4851a1d" relativeResultsDirectory="c798ea09-d49d-442f-b9cb-4aad785cbf21">
    </UnitTestResult>
    <UnitTestResult executionId="704fc559-baaa-4408-b316-906d7a620b40" testId="42e4128c-17e2-b5a9-e1d9-3b2d8668ba5a" testName="Register_Get_ReturnsView" computerName="MASZYNA" duration="00:00:00.0059691" startTime="2011-05-31T00:05:32.4544176+02:00" endTime="2011-05-31T00:05:32.4644320+02:00" testType="13cdc9d9-ddb5-4fa4-a97d-d965ccfc6d4b" outcome="Passed" testListId="8c84fa94-04c1-424b-9868-57a2d4851a1d" relativeResultsDirectory="704fc559-baaa-4408-b316-906d7a620b40">
    </UnitTestResult>
    <UnitTestResult executionId="15297ab1-3cc9-496d-8f20-8f42cc002655" testId="4d59d669-73e8-29e9-802d-250f6e65941d" testName="ChangePasswordSuccess_ReturnsView" computerName="MASZYNA" duration="00:00:00.0019340" startTime="2011-05-31T00:05:32.4744464+02:00" endTime="2011-05-31T00:05:32.4844608+02:00" testType="13cdc9d9-ddb5-4fa4-a97d-d965ccfc6d4b" outcome="Passed" testListId="8c84fa94-04c1-424b-9868-57a2d4851a1d" relativeResultsDirectory="15297ab1-3cc9-496d-8f20-8f42cc002655">
    </UnitTestResult>
    <UnitTestResult executionId="ac4c276a-ca16-4803-bc50-6baa55021ccf" testId="4f4207e6-8fa8-e9f1-2965-96855e8e0986" testName="DeleteTest1" computerName="MASZYNA" startTime="2011-05-31T00:05:32.4844608+02:00" endTime="2011-05-31T00:05:32.5245184+02:00" testType="13cdc9d9-ddb5-4fa4-a97d-d965ccfc6d4b" outcome="Failed" testListId="8c84fa94-04c1-424b-9868-57a2d4851a1d" relativeResultsDirectory="ac4c276a-ca16-4803-bc50-6baa55021ccf">
      <Output>
        <ErrorInfo>
          <Message>The Web request 'http://localhost:2187/' completed successfully without running the test. This can occur when configuring the Web application for testing fails (an ASP.NET server error occurs when processing the request), or when no ASP.NET page is executed (the URL may point to an HTML page, a Web service, or a directory listing). Running tests in ASP.NET requires the URL to resolve to an ASP.NET page and for the page to execute properly up to the Load event. The response from the request is stored in the file 'WebRequestResponse_DeleteTest1.html' with the test results; typically this file can be opened with a Web browser to view its contents.</Message>
        </ErrorInfo>
      </Output>
      <ResultFiles>
        <ResultFile path="MASZYNA\WebRequestResponse_DeleteTest1.html" />
      </ResultFiles>
    </UnitTestResult>
    <UnitTestResult executionId="6170d5a5-38db-483a-b922-89704aa7812a" testId="56ce720c-2140-72d3-9655-43a8654017c6" testName="PostTest" computerName="MASZYNA" startTime="2011-05-31T00:05:32.5445472+02:00" endTime="2011-05-31T00:05:32.6046336+02:00" testType="13cdc9d9-ddb5-4fa4-a97d-d965ccfc6d4b" outcome="Failed" testListId="8c84fa94-04c1-424b-9868-57a2d4851a1d" relativeResultsDirectory="6170d5a5-38db-483a-b922-89704aa7812a">
      <Output>
        <ErrorInfo>
          <Message>The Web request 'http://localhost:2187/' completed successfully without running the test. This can occur when configuring the Web application for testing fails (an ASP.NET server error occurs when processing the request), or when no ASP.NET page is executed (the URL may point to an HTML page, a Web service, or a directory listing). Running tests in ASP.NET requires the URL to resolve to an ASP.NET page and for the page to execute properly up to the Load event. The response from the request is stored in the file 'WebRequestResponse_PostTest.html' with the test results; typically this file can be opened with a Web browser to view its contents.</Message>
        </ErrorInfo>
      </Output>
      <ResultFiles>
        <ResultFile path="MASZYNA\WebRequestResponse_PostTest.html" />
      </ResultFiles>
    </UnitTestResult>
    <UnitTestResult executionId="c7acf697-f97e-433c-8960-650388abc3a2" testId="57901487-f8bf-748f-6ccf-36b062171c3a" testName="DeleteTest" computerName="MASZYNA" startTime="2011-05-31T00:05:32.6246624+02:00" endTime="2011-05-31T00:05:32.7248064+02:00" testType="13cdc9d9-ddb5-4fa4-a97d-d965ccfc6d4b" outcome="Failed" testListId="8c84fa94-04c1-424b-9868-57a2d4851a1d" relativeResultsDirectory="c7acf697-f97e-433c-8960-650388abc3a2">
      <Output>
        <ErrorInfo>
          <Message>The Web request 'http://localhost:2187/' completed successfully without running the test. This can occur when configuring the Web application for testing fails (an ASP.NET server error occurs when processing the request), or when no ASP.NET page is executed (the URL may point to an HTML page, a Web service, or a directory listing). Running tests in ASP.NET requires the URL to resolve to an ASP.NET page and for the page to execute properly up to the Load event. The response from the request is stored in the file 'WebRequestResponse_DeleteTest.html' with the test results; typically this file can be opened with a Web browser to view its contents.</Message>
        </ErrorInfo>
      </Output>
      <ResultFiles>
        <ResultFile path="MASZYNA\WebRequestResponse_DeleteTest.html" />
      </ResultFiles>
    </UnitTestResult>
    <UnitTestResult executionId="3a02a5e8-f99a-47a0-9480-670b4d3970d9" testId="5e9f54d9-4492-44ee-777f-a8420deb60ff" testName="ChangePassword_Get_ReturnsView" computerName="MASZYNA" duration="00:00:00.0044944" startTime="2011-05-31T00:05:32.7348208+02:00" endTime="2011-05-31T00:05:32.7448352+02:00" testType="13cdc9d9-ddb5-4fa4-a97d-d965ccfc6d4b" outcome="Passed" testListId="8c84fa94-04c1-424b-9868-57a2d4851a1d" relativeResultsDirectory="3a02a5e8-f99a-47a0-9480-670b4d3970d9">
    </UnitTestResult>
    <UnitTestResult executionId="4a90f2e4-f59f-4e94-ab64-44f3b9602ab7" testId="726fc13a-1bcd-9bd4-47f1-de99063f1d56" testName="LogOn_Post_ReturnsRedirectOnSuccess_WithoutReturnUrl" computerName="MASZYNA" duration="00:00:00.0046860" startTime="2011-05-31T00:05:32.7548496+02:00" endTime="2011-05-31T00:05:32.7548496+02:00" testType="13cdc9d9-ddb5-4fa4-a97d-d965ccfc6d4b" outcome="Passed" testListId="8c84fa94-04c1-424b-9868-57a2d4851a1d" relativeResultsDirectory="4a90f2e4-f59f-4e94-ab64-44f3b9602ab7">
    </UnitTestResult>
    <UnitTestResult executionId="685cfb3d-6b21-488f-bf2a-b37aa06a9cc0" testId="7869b598-25c4-1214-5dfe-33c58fa20a01" testName="LogOn_Post_ReturnsRedirectOnSuccess_WithLocalReturnUrl" computerName="MASZYNA" duration="00:00:00.0023860" startTime="2011-05-31T00:05:32.7648640+02:00" endTime="2011-05-31T00:05:32.7648640+02:00" testType="13cdc9d9-ddb5-4fa4-a97d-d965ccfc6d4b" outcome="Passed" testListId="8c84fa94-04c1-424b-9868-57a2d4851a1d" relativeResultsDirectory="685cfb3d-6b21-488f-bf2a-b37aa06a9cc0">
    </UnitTestResult>
    <UnitTestResult executionId="c89f3849-c78f-4986-9130-b4395a2ca216" testId="7aca6f90-688d-c81a-c5c3-437c1f101f80" testName="EditTest" computerName="MASZYNA" startTime="2011-05-31T00:05:32.7748784+02:00" endTime="2011-05-31T00:05:32.8249504+02:00" testType="13cdc9d9-ddb5-4fa4-a97d-d965ccfc6d4b" outcome="Failed" testListId="8c84fa94-04c1-424b-9868-57a2d4851a1d" relativeResultsDirectory="c89f3849-c78f-4986-9130-b4395a2ca216">
      <Output>
        <ErrorInfo>
          <Message>The Web request 'http://localhost:2187/' completed successfully without running the test. This can occur when configuring the Web application for testing fails (an ASP.NET server error occurs when processing the request), or when no ASP.NET page is executed (the URL may point to an HTML page, a Web service, or a directory listing). Running tests in ASP.NET requires the URL to resolve to an ASP.NET page and for the page to execute properly up to the Load event. The response from the request is stored in the file 'WebRequestResponse_EditTest.html' with the test results; typically this file can be opened with a Web browser to view its contents.</Message>
        </ErrorInfo>
      </Output>
      <ResultFiles>
        <ResultFile path="MASZYNA\WebRequestResponse_EditTest.html" />
      </ResultFiles>
    </UnitTestResult>
    <UnitTestResult executionId="f9a044f3-3ff0-467f-b3cb-33bf361b95f2" testId="909a44e7-dbd5-b822-6359-1bdd04ff8d27" testName="DodajKomTest" computerName="MASZYNA" startTime="2011-05-31T00:05:32.8349648+02:00" endTime="2011-05-31T00:05:32.9050656+02:00" testType="13cdc9d9-ddb5-4fa4-a97d-d965ccfc6d4b" outcome="Failed" testListId="8c84fa94-04c1-424b-9868-57a2d4851a1d" relativeResultsDirectory="f9a044f3-3ff0-467f-b3cb-33bf361b95f2">
      <Output>
        <ErrorInfo>
          <Message>The Web request 'http://localhost:2187/' completed successfully without running the test. This can occur when configuring the Web application for testing fails (an ASP.NET server error occurs when processing the request), or when no ASP.NET page is executed (the URL may point to an HTML page, a Web service, or a directory listing). Running tests in ASP.NET requires the URL to resolve to an ASP.NET page and for the page to execute properly up to the Load event. The response from the request is stored in the file 'WebRequestResponse_DodajKomTest.html' with the test results; typically this file can be opened with a Web browser to view its contents.</Message>
        </ErrorInfo>
      </Output>
      <ResultFiles>
        <ResultFile path="MASZYNA\WebRequestResponse_DodajKomTest.html" />
      </ResultFiles>
    </UnitTestResult>
    <UnitTestResult executionId="dbf44845-b095-4be9-b4ad-17c2b989c58e" testId="9601a7ae-bb3a-2892-5c39-397ef89a0b1b" testName="TagiTest" computerName="MASZYNA" startTime="2011-05-31T00:05:32.9150800+02:00" endTime="2011-05-31T00:05:32.9551376+02:00" testType="13cdc9d9-ddb5-4fa4-a97d-d965ccfc6d4b" outcome="Failed" testListId="8c84fa94-04c1-424b-9868-57a2d4851a1d" relativeResultsDirectory="dbf44845-b095-4be9-b4ad-17c2b989c58e">
      <Output>
        <ErrorInfo>
          <Message>The Web request 'http://localhost:2187/' completed successfully without running the test. This can occur when configuring the Web application for testing fails (an ASP.NET server error occurs when processing the request), or when no ASP.NET page is executed (the URL may point to an HTML page, a Web service, or a directory listing). Running tests in ASP.NET requires the URL to resolve to an ASP.NET page and for the page to execute properly up to the Load event. The response from the request is stored in the file 'WebRequestResponse_TagiTest.html' with the test results; typically this file can be opened with a Web browser to view its contents.</Message>
        </ErrorInfo>
      </Output>
      <ResultFiles>
        <ResultFile path="MASZYNA\WebRequestResponse_TagiTest.html" />
      </ResultFiles>
    </UnitTestResult>
    <UnitTestResult executionId="4e1aae62-bc97-4255-8f54-e7de79529edb" testId="96c0059b-1c41-71af-f167-06e2c893db15" testName="LogOn_Post_ReturnsRedirectToHomeOnSuccess_WithExternalReturnUrl" computerName="MASZYNA" duration="00:00:00.0059664" startTime="2011-05-31T00:05:32.9751664+02:00" endTime="2011-05-31T00:05:32.9851808+02:00" testType="13cdc9d9-ddb5-4fa4-a97d-d965ccfc6d4b" outcome="Passed" testListId="8c84fa94-04c1-424b-9868-57a2d4851a1d" relativeResultsDirectory="4e1aae62-bc97-4255-8f54-e7de79529edb">
    </UnitTestResult>
    <UnitTestResult executionId="1b9bb37d-9df3-4bfc-ab40-f9d62cba25ff" testId="991f6fa4-fa34-004e-30ea-2b458b07e203" testName="WyswietlPostyTest" computerName="MASZYNA" startTime="2011-05-31T00:05:32.9851808+02:00" endTime="2011-05-31T00:05:33.0252384+02:00" testType="13cdc9d9-ddb5-4fa4-a97d-d965ccfc6d4b" outcome="Failed" testListId="8c84fa94-04c1-424b-9868-57a2d4851a1d" relativeResultsDirectory="1b9bb37d-9df3-4bfc-ab40-f9d62cba25ff">
      <Output>
        <ErrorInfo>
          <Message>The Web request 'http://localhost:2187/' completed successfully without running the test. This can occur when configuring the Web application for testing fails (an ASP.NET server error occurs when processing the request), or when no ASP.NET page is executed (the URL may point to an HTML page, a Web service, or a directory listing). Running tests in ASP.NET requires the URL to resolve to an ASP.NET page and for the page to execute properly up to the Load event. The response from the request is stored in the file 'WebRequestResponse_WyswietlPostyTest.html' with the test results; typically this file can be opened with a Web browser to view its contents.</Message>
        </ErrorInfo>
      </Output>
      <ResultFiles>
        <ResultFile path="MASZYNA\WebRequestResponse_WyswietlPostyTest.html" />
      </ResultFiles>
    </UnitTestResult>
    <UnitTestResult executionId="c594a045-4f2e-45d3-8791-2e67e4f19e08" testId="a1b77401-1bd9-f9dd-387b-d29b1a396fb4" testName="listaTest" computerName="MASZYNA" startTime="2011-05-31T00:05:33.0452672+02:00" endTime="2011-05-31T00:05:33.1253824+02:00" testType="13cdc9d9-ddb5-4fa4-a97d-d965ccfc6d4b" outcome="Failed" testListId="8c84fa94-04c1-424b-9868-57a2d4851a1d" relativeResultsDirectory="c594a045-4f2e-45d3-8791-2e67e4f19e08">
      <Output>
        <ErrorInfo>
          <Message>The Web request 'http://localhost:2187/' completed successfully without running the test. This can occur when configuring the Web application for testing fails (an ASP.NET server error occurs when processing the request), or when no ASP.NET page is executed (the URL may point to an HTML page, a Web service, or a directory listing). Running tests in ASP.NET requires the URL to resolve to an ASP.NET page and for the page to execute properly up to the Load event. The response from the request is stored in the file 'WebRequestResponse_listaTest.html' with the test results; typically this file can be opened with a Web browser to view its contents.</Message>
        </ErrorInfo>
      </Output>
      <ResultFiles>
        <ResultFile path="MASZYNA\WebRequestResponse_listaTest.html" />
      </ResultFiles>
    </UnitTestResult>
    <UnitTestResult executionId="5d81e5ed-8dd9-4956-bd36-92a4acd18b51" testId="a6b588d3-d7ce-097b-fb95-75cc843350ca" testName="Register_Post_ReturnsViewIfRegistrationFails" computerName="MASZYNA" duration="00:00:00.0093056" startTime="2011-05-31T00:05:33.1253824+02:00" endTime="2011-05-31T00:05:33.1454112+02:00" testType="13cdc9d9-ddb5-4fa4-a97d-d965ccfc6d4b" outcome="Passed" testListId="8c84fa94-04c1-424b-9868-57a2d4851a1d" relativeResultsDirectory="5d81e5ed-8dd9-4956-bd36-92a4acd18b51">
    </UnitTestResult>
    <UnitTestResult executionId="8eb0d917-4f55-4cef-ace6-fed492991487" testId="a9291e12-4841-3a5c-f637-09403db212c0" testName="EditTest1" computerName="MASZYNA" startTime="2011-05-31T00:05:33.1554256+02:00" endTime="2011-05-31T00:05:33.2155120+02:00" testType="13cdc9d9-ddb5-4fa4-a97d-d965ccfc6d4b" outcome="Failed" testListId="8c84fa94-04c1-424b-9868-57a2d4851a1d" relativeResultsDirectory="8eb0d917-4f55-4cef-ace6-fed492991487">
      <Output>
        <ErrorInfo>
          <Message>The Web request 'http://localhost:2187/' completed successfully without running the test. This can occur when configuring the Web application for testing fails (an ASP.NET server error occurs when processing the request), or when no ASP.NET page is executed (the URL may point to an HTML page, a Web service, or a directory listing). Running tests in ASP.NET requires the URL to resolve to an ASP.NET page and for the page to execute properly up to the Load event. The response from the request is stored in the file 'WebRequestResponse_EditTest1.html' with the test results; typically this file can be opened with a Web browser to view its contents.</Message>
        </ErrorInfo>
      </Output>
      <ResultFiles>
        <ResultFile path="MASZYNA\WebRequestResponse_EditTest1.html" />
      </ResultFiles>
    </UnitTestResult>
    <UnitTestResult executionId="6629f266-7cdb-4d60-b1d1-068865c581c6" testId="ae13f39b-f0eb-e24d-8d11-7a7092f2ebda" testName="LogOff_LogsOutAndRedirects" computerName="MASZYNA" duration="00:00:00.0035571" startTime="2011-05-31T00:05:33.2355408+02:00" endTime="2011-05-31T00:05:33.2355408+02:00" testType="13cdc9d9-ddb5-4fa4-a97d-d965ccfc6d4b" outcome="Passed" testListId="8c84fa94-04c1-424b-9868-57a2d4851a1d" relativeResultsDirectory="6629f266-7cdb-4d60-b1d1-068865c581c6">
    </UnitTestResult>
    <UnitTestResult executionId="8f5a9ff4-8a85-4c58-a9f8-839de273dc4b" testId="d412c0d6-1690-c641-1834-730d981b8d59" testName="DodajKomTest1" computerName="MASZYNA" startTime="2011-05-31T00:05:33.2455552+02:00" endTime="2011-05-31T00:05:33.2856128+02:00" testType="13cdc9d9-ddb5-4fa4-a97d-d965ccfc6d4b" outcome="Failed" testListId="8c84fa94-04c1-424b-9868-57a2d4851a1d" relativeResultsDirectory="8f5a9ff4-8a85-4c58-a9f8-839de273dc4b">
      <Output>
        <ErrorInfo>
          <Message>The Web request 'http://localhost:2187/' completed successfully without running the test. This can occur when configuring the Web application for testing fails (an ASP.NET server error occurs when processing the request), or when no ASP.NET page is executed (the URL may point to an HTML page, a Web service, or a directory listing). Running tests in ASP.NET requires the URL to resolve to an ASP.NET page and for the page to execute properly up to the Load event. The response from the request is stored in the file 'WebRequestResponse_DodajKomTest1.html' with the test results; typically this file can be opened with a Web browser to view its contents.</Message>
        </ErrorInfo>
      </Output>
      <ResultFiles>
        <ResultFile path="MASZYNA\WebRequestResponse_DodajKomTest1.html" />
      </ResultFiles>
    </UnitTestResult>
    <UnitTestResult executionId="0695fed7-3860-4a0c-af40-341ee8b13491" testId="d4e6421a-3e38-cc12-959f-d59f3b01bf7a" testName="ChangePassword_Post_ReturnsRedirectOnSuccess" computerName="MASZYNA" duration="00:00:00.0064899" startTime="2011-05-31T00:05:33.2956272+02:00" endTime="2011-05-31T00:05:33.3056416+02:00" testType="13cdc9d9-ddb5-4fa4-a97d-d965ccfc6d4b" outcome="Passed" testListId="8c84fa94-04c1-424b-9868-57a2d4851a1d" relativeResultsDirectory="0695fed7-3860-4a0c-af40-341ee8b13491">
    </UnitTestResult>
    <UnitTestResult executionId="da655c9c-53e7-43ba-b899-86db6103b96b" testId="d805d901-f9f7-5711-074f-7866dead8a43" testName="LogOn_Get_ReturnsView" computerName="MASZYNA" duration="00:00:00.0026265" startTime="2011-05-31T00:05:33.3156560+02:00" endTime="2011-05-31T00:05:33.3156560+02:00" testType="13cdc9d9-ddb5-4fa4-a97d-d965ccfc6d4b" outcome="Passed" testListId="8c84fa94-04c1-424b-9868-57a2d4851a1d" relativeResultsDirectory="da655c9c-53e7-43ba-b899-86db6103b96b">
    </UnitTestResult>
    <UnitTestResult executionId="855d2835-f2f8-411b-b02e-331c694e072a" testId="daea9d66-3502-e1c8-dc48-cbb4a65f713d" testName="IndexTest" computerName="MASZYNA" startTime="2011-05-31T00:05:33.3256704+02:00" endTime="2011-05-31T00:05:33.3757424+02:00" testType="13cdc9d9-ddb5-4fa4-a97d-d965ccfc6d4b" outcome="Failed" testListId="8c84fa94-04c1-424b-9868-57a2d4851a1d" relativeResultsDirectory="855d2835-f2f8-411b-b02e-331c694e072a">
      <Output>
        <ErrorInfo>
          <Message>The Web request 'http://localhost:2187/' completed successfully without running the test. This can occur when configuring the Web application for testing fails (an ASP.NET server error occurs when processing the request), or when no ASP.NET page is executed (the URL may point to an HTML page, a Web service, or a directory listing). Running tests in ASP.NET requires the URL to resolve to an ASP.NET page and for the page to execute properly up to the Load event. The response from the request is stored in the file 'WebRequestResponse_IndexTest.html' with the test results; typically this file can be opened with a Web browser to view its contents.</Message>
        </ErrorInfo>
      </Output>
      <ResultFiles>
        <ResultFile path="MASZYNA\WebRequestResponse_IndexTest.html" />
      </ResultFiles>
    </UnitTestResult>
    <UnitTestResult executionId="1692a245-00f6-44b6-8ee5-bed6fa68e861" testId="dc306a54-e9dc-5340-4d2d-3941cbfb0361" testName="AdministracjaControllerConstructorTest" computerName="MASZYNA" startTime="2011-05-31T00:05:33.3857568+02:00" endTime="2011-05-31T00:05:33.4358288+02:00" testType="13cdc9d9-ddb5-4fa4-a97d-d965ccfc6d4b" outcome="Failed" testListId="8c84fa94-04c1-424b-9868-57a2d4851a1d" relativeResultsDirectory="1692a245-00f6-44b6-8ee5-bed6fa68e861">
      <Output>
        <ErrorInfo>
          <Message>The Web request 'http://localhost:2187/' completed successfully without running the test. This can occur when configuring the Web application for testing fails (an ASP.NET server error occurs when processing the request), or when no ASP.NET page is executed (the URL may point to an HTML page, a Web service, or a directory listing). Running tests in ASP.NET requires the URL to resolve to an ASP.NET page and for the page to execute properly up to the Load event. The response from the request is stored in the file 'WebRequestResponse_AdministracjaControl.html' with the test results; typically this file can be opened with a Web browser to view its contents.</Message>
        </ErrorInfo>
      </Output>
      <ResultFiles>
        <ResultFile path="MASZYNA\WebRequestResponse_AdministracjaControl.html" />
      </ResultFiles>
    </UnitTestResult>
    <UnitTestResult executionId="22d4e3dc-db16-4621-94e1-f4bf03737392" testId="e41f0101-44d6-db5c-c8a3-3986285f8e93" testName="ChangePassword_Post_ReturnsViewIfModelStateIsInvalid" computerName="MASZYNA" duration="00:00:00.0062549" startTime="2011-05-31T00:05:33.4358288+02:00" endTime="2011-05-31T00:05:33.4558576+02:00" testType="13cdc9d9-ddb5-4fa4-a97d-d965ccfc6d4b" outcome="Passed" testListId="8c84fa94-04c1-424b-9868-57a2d4851a1d" relativeResultsDirectory="22d4e3dc-db16-4621-94e1-f4bf03737392">
    </UnitTestResult>
    <UnitTestResult executionId="43904006-9062-473d-9dce-11b751a16f09" testId="e89981cb-0b8b-6777-ade8-610241e20a50" testName="LogOn_Post_ReturnsViewIfValidateUserFails" computerName="MASZYNA" duration="00:00:00.0026503" startTime="2011-05-31T00:05:33.4558576+02:00" endTime="2011-05-31T00:05:33.4658720+02:00" testType="13cdc9d9-ddb5-4fa4-a97d-d965ccfc6d4b" outcome="Passed" testListId="8c84fa94-04c1-424b-9868-57a2d4851a1d" relativeResultsDirectory="43904006-9062-473d-9dce-11b751a16f09">
    </UnitTestResult>
    <UnitTestResult executionId="213fa028-0832-4c57-939c-a2173da686ed" testId="f5fb9af2-4042-d259-4852-58b1592b1473" testName="SzukajTest" computerName="MASZYNA" startTime="2011-05-31T00:05:33.4758864+02:00" endTime="2011-05-31T00:05:33.5159440+02:00" testType="13cdc9d9-ddb5-4fa4-a97d-d965ccfc6d4b" outcome="Failed" testListId="8c84fa94-04c1-424b-9868-57a2d4851a1d" relativeResultsDirectory="213fa028-0832-4c57-939c-a2173da686ed">
      <Output>
        <ErrorInfo>
          <Message>The Web request 'http://localhost:2187/' completed successfully without running the test. This can occur when configuring the Web application for testing fails (an ASP.NET server error occurs when processing the request), or when no ASP.NET page is executed (the URL may point to an HTML page, a Web service, or a directory listing). Running tests in ASP.NET requires the URL to resolve to an ASP.NET page and for the page to execute properly up to the Load event. The response from the request is stored in the file 'WebRequestResponse_SzukajTest.html' with the test results; typically this file can be opened with a Web browser to view its contents.</Message>
        </ErrorInfo>
      </Output>
      <ResultFiles>
        <ResultFile path="MASZYNA\WebRequestResponse_SzukajTest.html" />
      </ResultFiles>
    </UnitTestResult>
  </Results>
</TestRun>