<?xml version="1.0" encoding="UTF-8"?>
<TestRun id="28be6f20-d5e7-4ccf-8b0e-1bccad9ad197" name="SQL@MASZYNA 2011-05-30 23:43:58" runUser="MASZYNA\SQL" xmlns="http://microsoft.com/schemas/VisualStudio/TeamTest/2010">
  <TestSettings name="Default Test Settings" id="3ba6bbf0-e7c6-4721-9396-c0a976c2e2c9">
    <Deployment runDeploymentRoot="SQL_MASZYNA 2011-05-30 23_43_58">
      <DeploymentItem filename="C:\Documents and Settings\SQL\Pulpit\Blog\Blog\Blog\bin\Blog.dll" />
    </Deployment>
    <Execution>
      <TestTypeSpecific />
      <AgentRule name="Execution Agents">
      </AgentRule>
    </Execution>
  </TestSettings>
  <Times creation="2011-05-30T23:43:58.9143984+02:00" queuing="2011-05-30T23:44:01.5882432+02:00" start="2011-05-30T23:44:01.8986896+02:00" finish="2011-05-30T23:44:29.1378576+02:00" />
  <ResultSummary outcome="Failed">
    <Counters total="36" executed="36" passed="16" error="0" failed="20" timeout="0" aborted="0" inconclusive="0" passedButRunAborted="0" notRunnable="0" notExecuted="0" disconnected="0" warning="0" completed="0" inProgress="0" pending="0" />
  </ResultSummary>
  <TestDefinitions>
    <UnitTest name="listaTest" storage="c:\documents and settings\sql\pulpit\blog\blog\blog.tests\bin\debug\blog.tests.dll" id="a1b77401-1bd9-f9dd-387b-d29b1a396fb4">
      <Execution id="ae39041a-c2e8-42d3-9b14-3bf83e12c37e" />
      <TestMethod codeBase="C:/Documents and Settings/SQL/Pulpit/Blog/Blog/Blog.Tests/bin/Debug/Blog.Tests.DLL" adapterTypeName="Microsoft.VisualStudio.TestTools.TestTypes.Unit.UnitTestAdapter, Microsoft.VisualStudio.QualityTools.Tips.UnitTest.Adapter, Version=10.0.0.0, Culture=neutral, PublicKeyToken=b03f5f7f11d50a3a" className="Blog.Tests.AdministracjaControllerTest, Blog.Tests, Version=1.0.0.0, Culture=neutral, PublicKeyToken=null" name="listaTest" />
      <AspNet webSiteUrl="http://localhost:1032/">
        <Host pathToWebApp="C:\Documents and Settings\SQL\Pulpit\Blog\Blog\Blog" webAppRoot="/" />
      </AspNet>
    </UnitTest>
    <UnitTest name="LogOn_Post_ReturnsRedirectToHomeOnSuccess_WithExternalReturnUrl" storage="c:\documents and settings\sql\pulpit\blog\blog\blog.tests\bin\debug\blog.tests.dll" id="96c0059b-1c41-71af-f167-06e2c893db15">
      <Execution id="7dbf9451-3c79-44cd-a2ee-780905806ec4" />
      <TestMethod codeBase="C:/Documents and Settings/SQL/Pulpit/Blog/Blog/Blog.Tests/bin/Debug/Blog.Tests.DLL" adapterTypeName="Microsoft.VisualStudio.TestTools.TestTypes.Unit.UnitTestAdapter, Microsoft.VisualStudio.QualityTools.Tips.UnitTest.Adapter, Version=10.0.0.0, Culture=neutral, PublicKeyToken=b03f5f7f11d50a3a" className="Blog.Tests.Controllers.AccountControllerTest, Blog.Tests, Version=1.0.0.0, Culture=neutral, PublicKeyToken=null" name="LogOn_Post_ReturnsRedirectToHomeOnSuccess_WithExternalReturnUrl" />
    </UnitTest>
    <UnitTest name="SzukajTest" storage="c:\documents and settings\sql\pulpit\blog\blog\blog.tests\bin\debug\blog.tests.dll" id="f5fb9af2-4042-d259-4852-58b1592b1473">
      <Execution id="1e6758b3-ef71-4ef6-8fd9-ca0af27be0fa" />
      <TestMethod codeBase="C:/Documents and Settings/SQL/Pulpit/Blog/Blog/Blog.Tests/bin/Debug/Blog.Tests.DLL" adapterTypeName="Microsoft.VisualStudio.TestTools.TestTypes.Unit.UnitTestAdapter, Microsoft.VisualStudio.QualityTools.Tips.UnitTest.Adapter, Version=10.0.0.0, Culture=neutral, PublicKeyToken=b03f5f7f11d50a3a" className="Blog.Tests.AdministracjaControllerTest, Blog.Tests, Version=1.0.0.0, Culture=neutral, PublicKeyToken=null" name="SzukajTest" />
      <AspNet webSiteUrl="http://localhost:1032/">
        <Host pathToWebApp="C:\Documents and Settings\SQL\Pulpit\Blog\Blog\Blog" webAppRoot="/" />
      </AspNet>
    </UnitTest>
    <UnitTest name="Register_Post_ReturnsRedirectOnSuccess" storage="c:\documents and settings\sql\pulpit\blog\blog\blog.tests\bin\debug\blog.tests.dll" id="3af9e023-8413-9574-0efb-b3e1fec209bc">
      <Execution id="1e34b6b2-8ff4-4092-b614-a1ff1d01fa8e" />
      <TestMethod codeBase="C:/Documents and Settings/SQL/Pulpit/Blog/Blog/Blog.Tests/bin/Debug/Blog.Tests.DLL" adapterTypeName="Microsoft.VisualStudio.TestTools.TestTypes.Unit.UnitTestAdapter, Microsoft.VisualStudio.QualityTools.Tips.UnitTest.Adapter, Version=10.0.0.0, Culture=neutral, PublicKeyToken=b03f5f7f11d50a3a" className="Blog.Tests.Controllers.AccountControllerTest, Blog.Tests, Version=1.0.0.0, Culture=neutral, PublicKeyToken=null" name="Register_Post_ReturnsRedirectOnSuccess" />
    </UnitTest>
    <UnitTest name="Register_Get_ReturnsView" storage="c:\documents and settings\sql\pulpit\blog\blog\blog.tests\bin\debug\blog.tests.dll" id="42e4128c-17e2-b5a9-e1d9-3b2d8668ba5a">
      <Execution id="337af8b7-184a-4537-974e-505bcf9abeff" />
      <TestMethod codeBase="C:/Documents and Settings/SQL/Pulpit/Blog/Blog/Blog.Tests/bin/Debug/Blog.Tests.DLL" adapterTypeName="Microsoft.VisualStudio.TestTools.TestTypes.Unit.UnitTestAdapter, Microsoft.VisualStudio.QualityTools.Tips.UnitTest.Adapter, Version=10.0.0.0, Culture=neutral, PublicKeyToken=b03f5f7f11d50a3a" className="Blog.Tests.Controllers.AccountControllerTest, Blog.Tests, Version=1.0.0.0, Culture=neutral, PublicKeyToken=null" name="Register_Get_ReturnsView" />
    </UnitTest>
    <UnitTest name="TagiTest" storage="c:\documents and settings\sql\pulpit\blog\blog\blog.tests\bin\debug\blog.tests.dll" id="9601a7ae-bb3a-2892-5c39-397ef89a0b1b">
      <Execution id="954f5d52-0885-44f5-83d9-ecb29a5e921c" />
      <TestMethod codeBase="C:/Documents and Settings/SQL/Pulpit/Blog/Blog/Blog.Tests/bin/Debug/Blog.Tests.DLL" adapterTypeName="Microsoft.VisualStudio.TestTools.TestTypes.Unit.UnitTestAdapter, Microsoft.VisualStudio.QualityTools.Tips.UnitTest.Adapter, Version=10.0.0.0, Culture=neutral, PublicKeyToken=b03f5f7f11d50a3a" className="Blog.Tests.AdministracjaControllerTest, Blog.Tests, Version=1.0.0.0, Culture=neutral, PublicKeyToken=null" name="TagiTest" />
      <AspNet webSiteUrl="http://localhost:1032/">
        <Host pathToWebApp="C:\Documents and Settings\SQL\Pulpit\Blog\Blog\Blog" webAppRoot="/" />
      </AspNet>
    </UnitTest>
    <UnitTest name="DeleteTest1" storage="c:\documents and settings\sql\pulpit\blog\blog\blog.tests\bin\debug\blog.tests.dll" id="4f4207e6-8fa8-e9f1-2965-96855e8e0986">
      <Execution id="2b26bec5-0602-4272-90b8-14e40ec281be" />
      <TestMethod codeBase="C:/Documents and Settings/SQL/Pulpit/Blog/Blog/Blog.Tests/bin/Debug/Blog.Tests.DLL" adapterTypeName="Microsoft.VisualStudio.TestTools.TestTypes.Unit.UnitTestAdapter, Microsoft.VisualStudio.QualityTools.Tips.UnitTest.Adapter, Version=10.0.0.0, Culture=neutral, PublicKeyToken=b03f5f7f11d50a3a" className="Blog.Tests.AdministracjaControllerTest, Blog.Tests, Version=1.0.0.0, Culture=neutral, PublicKeyToken=null" name="DeleteTest1" />
      <AspNet webSiteUrl="http://localhost:1032/">
        <Host pathToWebApp="C:\Documents and Settings\SQL\Pulpit\Blog\Blog\Blog" webAppRoot="/" />
      </AspNet>
    </UnitTest>
    <UnitTest name="LogOff_LogsOutAndRedirects" storage="c:\documents and settings\sql\pulpit\blog\blog\blog.tests\bin\debug\blog.tests.dll" id="ae13f39b-f0eb-e24d-8d11-7a7092f2ebda">
      <Execution id="5ce5c4bc-e998-4cc5-887f-657f347d6697" />
      <TestMethod codeBase="C:/Documents and Settings/SQL/Pulpit/Blog/Blog/Blog.Tests/bin/Debug/Blog.Tests.DLL" adapterTypeName="Microsoft.VisualStudio.TestTools.TestTypes.Unit.UnitTestAdapter, Microsoft.VisualStudio.QualityTools.Tips.UnitTest.Adapter, Version=10.0.0.0, Culture=neutral, PublicKeyToken=b03f5f7f11d50a3a" className="Blog.Tests.Controllers.AccountControllerTest, Blog.Tests, Version=1.0.0.0, Culture=neutral, PublicKeyToken=null" name="LogOff_LogsOutAndRedirects" />
    </UnitTest>
    <UnitTest name="EditTest1" storage="c:\documents and settings\sql\pulpit\blog\blog\blog.tests\bin\debug\blog.tests.dll" id="a9291e12-4841-3a5c-f637-09403db212c0">
      <Execution id="18af49d6-8809-4635-8240-d8f5d25d5237" />
      <TestMethod codeBase="C:/Documents and Settings/SQL/Pulpit/Blog/Blog/Blog.Tests/bin/Debug/Blog.Tests.DLL" adapterTypeName="Microsoft.VisualStudio.TestTools.TestTypes.Unit.UnitTestAdapter, Microsoft.VisualStudio.QualityTools.Tips.UnitTest.Adapter, Version=10.0.0.0, Culture=neutral, PublicKeyToken=b03f5f7f11d50a3a" className="Blog.Tests.AdministracjaControllerTest, Blog.Tests, Version=1.0.0.0, Culture=neutral, PublicKeyToken=null" name="EditTest1" />
      <AspNet webSiteUrl="http://localhost:1032/">
        <Host pathToWebApp="C:\Documents and Settings\SQL\Pulpit\Blog\Blog\Blog" webAppRoot="/" />
      </AspNet>
    </UnitTest>
    <UnitTest name="ChangePassword_Post_ReturnsViewIfModelStateIsInvalid" storage="c:\documents and settings\sql\pulpit\blog\blog\blog.tests\bin\debug\blog.tests.dll" id="e41f0101-44d6-db5c-c8a3-3986285f8e93">
      <Execution id="e2f91f47-ddc0-4aaf-a6ae-fe86ffd42ec5" />
      <TestMethod codeBase="C:/Documents and Settings/SQL/Pulpit/Blog/Blog/Blog.Tests/bin/Debug/Blog.Tests.DLL" adapterTypeName="Microsoft.VisualStudio.TestTools.TestTypes.Unit.UnitTestAdapter, Microsoft.VisualStudio.QualityTools.Tips.UnitTest.Adapter, Version=10.0.0.0, Culture=neutral, PublicKeyToken=b03f5f7f11d50a3a" className="Blog.Tests.Controllers.AccountControllerTest, Blog.Tests, Version=1.0.0.0, Culture=neutral, PublicKeyToken=null" name="ChangePassword_Post_ReturnsViewIfModelStateIsInvalid" />
    </UnitTest>
    <UnitTest name="DeleteTest" storage="c:\documents and settings\sql\pulpit\blog\blog\blog.tests\bin\debug\blog.tests.dll" id="57901487-f8bf-748f-6ccf-36b062171c3a">
      <Execution id="ec6a80e1-30ce-498d-a723-1240cf3c4ac1" />
      <TestMethod codeBase="C:/Documents and Settings/SQL/Pulpit/Blog/Blog/Blog.Tests/bin/Debug/Blog.Tests.DLL" adapterTypeName="Microsoft.VisualStudio.TestTools.TestTypes.Unit.UnitTestAdapter, Microsoft.VisualStudio.QualityTools.Tips.UnitTest.Adapter, Version=10.0.0.0, Culture=neutral, PublicKeyToken=b03f5f7f11d50a3a" className="Blog.Tests.AdministracjaControllerTest, Blog.Tests, Version=1.0.0.0, Culture=neutral, PublicKeyToken=null" name="DeleteTest" />
      <AspNet webSiteUrl="http://localhost:1032/">
        <Host pathToWebApp="C:\Documents and Settings\SQL\Pulpit\Blog\Blog\Blog" webAppRoot="/" />
      </AspNet>
    </UnitTest>
    <UnitTest name="PostTest" storage="c:\documents and settings\sql\pulpit\blog\blog\blog.tests\bin\debug\blog.tests.dll" id="56ce720c-2140-72d3-9655-43a8654017c6">
      <Execution id="80dc57c7-9121-4b6c-b75e-7cacea2d5e0f" />
      <TestMethod codeBase="C:/Documents and Settings/SQL/Pulpit/Blog/Blog/Blog.Tests/bin/Debug/Blog.Tests.DLL" adapterTypeName="Microsoft.VisualStudio.TestTools.TestTypes.Unit.UnitTestAdapter, Microsoft.VisualStudio.QualityTools.Tips.UnitTest.Adapter, Version=10.0.0.0, Culture=neutral, PublicKeyToken=b03f5f7f11d50a3a" className="Blog.Tests.AdministracjaControllerTest, Blog.Tests, Version=1.0.0.0, Culture=neutral, PublicKeyToken=null" name="PostTest" />
      <AspNet webSiteUrl="http://localhost:1032/">
        <Host pathToWebApp="C:\Documents and Settings\SQL\Pulpit\Blog\Blog\Blog" webAppRoot="/" />
      </AspNet>
    </UnitTest>
    <UnitTest name="LogOn_Post_ReturnsRedirectOnSuccess_WithoutReturnUrl" storage="c:\documents and settings\sql\pulpit\blog\blog\blog.tests\bin\debug\blog.tests.dll" id="726fc13a-1bcd-9bd4-47f1-de99063f1d56">
      <Execution id="02c38f0d-cf35-41ae-8e28-bb88e6384e69" />
      <TestMethod codeBase="C:/Documents and Settings/SQL/Pulpit/Blog/Blog/Blog.Tests/bin/Debug/Blog.Tests.DLL" adapterTypeName="Microsoft.VisualStudio.TestTools.TestTypes.Unit.UnitTestAdapter, Microsoft.VisualStudio.QualityTools.Tips.UnitTest.Adapter, Version=10.0.0.0, Culture=neutral, PublicKeyToken=b03f5f7f11d50a3a" className="Blog.Tests.Controllers.AccountControllerTest, Blog.Tests, Version=1.0.0.0, Culture=neutral, PublicKeyToken=null" name="LogOn_Post_ReturnsRedirectOnSuccess_WithoutReturnUrl" />
    </UnitTest>
    <UnitTest name="EditTest" storage="c:\documents and settings\sql\pulpit\blog\blog\blog.tests\bin\debug\blog.tests.dll" id="7aca6f90-688d-c81a-c5c3-437c1f101f80">
      <Execution id="3a5245c1-f0eb-40e8-b3b8-f52246a4562b" />
      <TestMethod codeBase="C:/Documents and Settings/SQL/Pulpit/Blog/Blog/Blog.Tests/bin/Debug/Blog.Tests.DLL" adapterTypeName="Microsoft.VisualStudio.TestTools.TestTypes.Unit.UnitTestAdapter, Microsoft.VisualStudio.QualityTools.Tips.UnitTest.Adapter, Version=10.0.0.0, Culture=neutral, PublicKeyToken=b03f5f7f11d50a3a" className="Blog.Tests.AdministracjaControllerTest, Blog.Tests, Version=1.0.0.0, Culture=neutral, PublicKeyToken=null" name="EditTest" />
      <AspNet webSiteUrl="http://localhost:1032/">
        <Host pathToWebApp="C:\Documents and Settings\SQL\Pulpit\Blog\Blog\Blog" webAppRoot="/" />
      </AspNet>
    </UnitTest>
    <UnitTest name="WyswietlPostyTest" storage="c:\documents and settings\sql\pulpit\blog\blog\blog.tests\bin\debug\blog.tests.dll" id="991f6fa4-fa34-004e-30ea-2b458b07e203">
      <Execution id="301fffbe-a4b3-4d3f-afb5-718e601a8d98" />
      <TestMethod codeBase="C:/Documents and Settings/SQL/Pulpit/Blog/Blog/Blog.Tests/bin/Debug/Blog.Tests.DLL" adapterTypeName="Microsoft.VisualStudio.TestTools.TestTypes.Unit.UnitTestAdapter, Microsoft.VisualStudio.QualityTools.Tips.UnitTest.Adapter, Version=10.0.0.0, Culture=neutral, PublicKeyToken=b03f5f7f11d50a3a" className="Blog.Tests.AdministracjaControllerTest, Blog.Tests, Version=1.0.0.0, Culture=neutral, PublicKeyToken=null" name="WyswietlPostyTest" />
      <AspNet webSiteUrl="http://localhost:1032/">
        <Host pathToWebApp="C:\Documents and Settings\SQL\Pulpit\Blog\Blog\Blog" webAppRoot="/" />
      </AspNet>
    </UnitTest>
    <UnitTest name="Register_Post_ReturnsViewIfRegistrationFails" storage="c:\documents and settings\sql\pulpit\blog\blog\blog.tests\bin\debug\blog.tests.dll" id="a6b588d3-d7ce-097b-fb95-75cc843350ca">
      <Execution id="29d6428a-d2a8-4f4b-bc02-68c675ea5502" />
      <TestMethod codeBase="C:/Documents and Settings/SQL/Pulpit/Blog/Blog/Blog.Tests/bin/Debug/Blog.Tests.DLL" adapterTypeName="Microsoft.VisualStudio.TestTools.TestTypes.Unit.UnitTestAdapter, Microsoft.VisualStudio.QualityTools.Tips.UnitTest.Adapter, Version=10.0.0.0, Culture=neutral, PublicKeyToken=b03f5f7f11d50a3a" className="Blog.Tests.Controllers.AccountControllerTest, Blog.Tests, Version=1.0.0.0, Culture=neutral, PublicKeyToken=null" name="Register_Post_ReturnsViewIfRegistrationFails" />
    </UnitTest>
    <UnitTest name="DodajKomTest1" storage="c:\documents and settings\sql\pulpit\blog\blog\blog.tests\bin\debug\blog.tests.dll" id="d412c0d6-1690-c641-1834-730d981b8d59">
      <Execution id="6ef4205b-f3ca-4896-9382-2228637d0652" />
      <TestMethod codeBase="C:/Documents and Settings/SQL/Pulpit/Blog/Blog/Blog.Tests/bin/Debug/Blog.Tests.DLL" adapterTypeName="Microsoft.VisualStudio.TestTools.TestTypes.Unit.UnitTestAdapter, Microsoft.VisualStudio.QualityTools.Tips.UnitTest.Adapter, Version=10.0.0.0, Culture=neutral, PublicKeyToken=b03f5f7f11d50a3a" className="Blog.Tests.AdministracjaControllerTest, Blog.Tests, Version=1.0.0.0, Culture=neutral, PublicKeyToken=null" name="DodajKomTest1" />
      <AspNet webSiteUrl="http://localhost:1032/">
        <Host pathToWebApp="C:\Documents and Settings\SQL\Pulpit\Blog\Blog\Blog" webAppRoot="/" />
      </AspNet>
    </UnitTest>
    <UnitTest name="DodajPostTest" storage="c:\documents and settings\sql\pulpit\blog\blog\blog.tests\bin\debug\blog.tests.dll" id="34028fde-4d77-8288-f6b5-65eb80d88710">
      <Execution id="588a89b9-4d8f-4282-84de-75e5f5d5a627" />
      <TestMethod codeBase="C:/Documents and Settings/SQL/Pulpit/Blog/Blog/Blog.Tests/bin/Debug/Blog.Tests.DLL" adapterTypeName="Microsoft.VisualStudio.TestTools.TestTypes.Unit.UnitTestAdapter, Microsoft.VisualStudio.QualityTools.Tips.UnitTest.Adapter, Version=10.0.0.0, Culture=neutral, PublicKeyToken=b03f5f7f11d50a3a" className="Blog.Tests.AdministracjaControllerTest, Blog.Tests, Version=1.0.0.0, Culture=neutral, PublicKeyToken=null" name="DodajPostTest" />
      <AspNet webSiteUrl="http://localhost:1032/">
        <Host pathToWebApp="C:\Documents and Settings\SQL\Pulpit\Blog\Blog\Blog" webAppRoot="/" />
      </AspNet>
    </UnitTest>
    <UnitTest name="UsunKomTest" storage="c:\documents and settings\sql\pulpit\blog\blog\blog.tests\bin\debug\blog.tests.dll" id="27b0148a-df20-bd81-c367-703566ba0c1b">
      <Execution id="0527fec2-9c6a-4b8a-ad3d-34aecb323e7e" />
      <TestMethod codeBase="C:/Documents and Settings/SQL/Pulpit/Blog/Blog/Blog.Tests/bin/Debug/Blog.Tests.DLL" adapterTypeName="Microsoft.VisualStudio.TestTools.TestTypes.Unit.UnitTestAdapter, Microsoft.VisualStudio.QualityTools.Tips.UnitTest.Adapter, Version=10.0.0.0, Culture=neutral, PublicKeyToken=b03f5f7f11d50a3a" className="Blog.Tests.AdministracjaControllerTest, Blog.Tests, Version=1.0.0.0, Culture=neutral, PublicKeyToken=null" name="UsunKomTest" />
      <AspNet webSiteUrl="http://localhost:1032/">
        <Host pathToWebApp="C:\Documents and Settings\SQL\Pulpit\Blog\Blog\Blog" webAppRoot="/" />
      </AspNet>
    </UnitTest>
    <UnitTest name="DodajKomTest" storage="c:\documents and settings\sql\pulpit\blog\blog\blog.tests\bin\debug\blog.tests.dll" id="909a44e7-dbd5-b822-6359-1bdd04ff8d27">
      <Execution id="a9b6e181-754e-4526-9bd2-238d71c7f32e" />
      <TestMethod codeBase="C:/Documents and Settings/SQL/Pulpit/Blog/Blog/Blog.Tests/bin/Debug/Blog.Tests.DLL" adapterTypeName="Microsoft.VisualStudio.TestTools.TestTypes.Unit.UnitTestAdapter, Microsoft.VisualStudio.QualityTools.Tips.UnitTest.Adapter, Version=10.0.0.0, Culture=neutral, PublicKeyToken=b03f5f7f11d50a3a" className="Blog.Tests.AdministracjaControllerTest, Blog.Tests, Version=1.0.0.0, Culture=neutral, PublicKeyToken=null" name="DodajKomTest" />
      <AspNet webSiteUrl="http://localhost:1032/">
        <Host pathToWebApp="C:\Documents and Settings\SQL\Pulpit\Blog\Blog\Blog" webAppRoot="/" />
      </AspNet>
    </UnitTest>
    <UnitTest name="ChangePassword_Post_ReturnsRedirectOnSuccess" storage="c:\documents and settings\sql\pulpit\blog\blog\blog.tests\bin\debug\blog.tests.dll" id="d4e6421a-3e38-cc12-959f-d59f3b01bf7a">
      <Execution id="2cf86651-9310-41bf-9485-71a7fd55587b" />
      <TestMethod codeBase="C:/Documents and Settings/SQL/Pulpit/Blog/Blog/Blog.Tests/bin/Debug/Blog.Tests.DLL" adapterTypeName="Microsoft.VisualStudio.TestTools.TestTypes.Unit.UnitTestAdapter, Microsoft.VisualStudio.QualityTools.Tips.UnitTest.Adapter, Version=10.0.0.0, Culture=neutral, PublicKeyToken=b03f5f7f11d50a3a" className="Blog.Tests.Controllers.AccountControllerTest, Blog.Tests, Version=1.0.0.0, Culture=neutral, PublicKeyToken=null" name="ChangePassword_Post_ReturnsRedirectOnSuccess" />
    </UnitTest>
    <UnitTest name="IndexTest" storage="c:\documents and settings\sql\pulpit\blog\blog\blog.tests\bin\debug\blog.tests.dll" id="daea9d66-3502-e1c8-dc48-cbb4a65f713d">
      <Execution id="c5c39ac4-28f4-4eb7-b846-7a482caf37c9" />
      <TestMethod codeBase="C:/Documents and Settings/SQL/Pulpit/Blog/Blog/Blog.Tests/bin/Debug/Blog.Tests.DLL" adapterTypeName="Microsoft.VisualStudio.TestTools.TestTypes.Unit.UnitTestAdapter, Microsoft.VisualStudio.QualityTools.Tips.UnitTest.Adapter, Version=10.0.0.0, Culture=neutral, PublicKeyToken=b03f5f7f11d50a3a" className="Blog.Tests.AdministracjaControllerTest, Blog.Tests, Version=1.0.0.0, Culture=neutral, PublicKeyToken=null" name="IndexTest" />
      <AspNet webSiteUrl="http://localhost:1032/">
        <Host pathToWebApp="C:\Documents and Settings\SQL\Pulpit\Blog\Blog\Blog" webAppRoot="/" />
      </AspNet>
    </UnitTest>
    <UnitTest name="LogOn_Post_ReturnsViewIfValidateUserFails" storage="c:\documents and settings\sql\pulpit\blog\blog\blog.tests\bin\debug\blog.tests.dll" id="e89981cb-0b8b-6777-ade8-610241e20a50">
      <Execution id="13e93d25-1fe5-4f3b-9895-2f7e86af42e7" />
      <TestMethod codeBase="C:/Documents and Settings/SQL/Pulpit/Blog/Blog/Blog.Tests/bin/Debug/Blog.Tests.DLL" adapterTypeName="Microsoft.VisualStudio.TestTools.TestTypes.Unit.UnitTestAdapter, Microsoft.VisualStudio.QualityTools.Tips.UnitTest.Adapter, Version=10.0.0.0, Culture=neutral, PublicKeyToken=b03f5f7f11d50a3a" className="Blog.Tests.Controllers.AccountControllerTest, Blog.Tests, Version=1.0.0.0, Culture=neutral, PublicKeyToken=null" name="LogOn_Post_ReturnsViewIfValidateUserFails" />
    </UnitTest>
    <UnitTest name="Register_Post_ReturnsViewIfModelStateIsInvalid" storage="c:\documents and settings\sql\pulpit\blog\blog\blog.tests\bin\debug\blog.tests.dll" id="03be8fe1-1df7-4584-1a99-5451ad0e5f58">
      <Execution id="70e9b55e-2425-43e1-9d9a-e1ec76aa7ec2" />
      <TestMethod codeBase="C:/Documents and Settings/SQL/Pulpit/Blog/Blog/Blog.Tests/bin/Debug/Blog.Tests.DLL" adapterTypeName="Microsoft.VisualStudio.TestTools.TestTypes.Unit.UnitTestAdapter, Microsoft.VisualStudio.QualityTools.Tips.UnitTest.Adapter, Version=10.0.0.0, Culture=neutral, PublicKeyToken=b03f5f7f11d50a3a" className="Blog.Tests.Controllers.AccountControllerTest, Blog.Tests, Version=1.0.0.0, Culture=neutral, PublicKeyToken=null" name="Register_Post_ReturnsViewIfModelStateIsInvalid" />
    </UnitTest>
    <UnitTest name="PostyOznaczoneTagiemTest" storage="c:\documents and settings\sql\pulpit\blog\blog\blog.tests\bin\debug\blog.tests.dll" id="36c1186a-eb2e-948f-d256-eed6571c7eff">
      <Execution id="c079e8c1-6fb6-4a69-86b6-d2036476ca90" />
      <TestMethod codeBase="C:/Documents and Settings/SQL/Pulpit/Blog/Blog/Blog.Tests/bin/Debug/Blog.Tests.DLL" adapterTypeName="Microsoft.VisualStudio.TestTools.TestTypes.Unit.UnitTestAdapter, Microsoft.VisualStudio.QualityTools.Tips.UnitTest.Adapter, Version=10.0.0.0, Culture=neutral, PublicKeyToken=b03f5f7f11d50a3a" className="Blog.Tests.AdministracjaControllerTest, Blog.Tests, Version=1.0.0.0, Culture=neutral, PublicKeyToken=null" name="PostyOznaczoneTagiemTest" />
      <AspNet webSiteUrl="http://localhost:1032/">
        <Host pathToWebApp="C:\Documents and Settings\SQL\Pulpit\Blog\Blog\Blog" webAppRoot="/" />
      </AspNet>
    </UnitTest>
    <UnitTest name="About" storage="c:\documents and settings\sql\pulpit\blog\blog\blog.tests\bin\debug\blog.tests.dll" id="166264b4-e92b-2a65-4c71-c1906151ba99">
      <Execution id="57b7df87-5edf-429c-99b8-586f2f55cea4" />
      <TestMethod codeBase="C:/Documents and Settings/SQL/Pulpit/Blog/Blog/Blog.Tests/bin/Debug/Blog.Tests.DLL" adapterTypeName="Microsoft.VisualStudio.TestTools.TestTypes.Unit.UnitTestAdapter, Microsoft.VisualStudio.QualityTools.Tips.UnitTest.Adapter, Version=10.0.0.0, Culture=neutral, PublicKeyToken=b03f5f7f11d50a3a" className="Blog.Tests.Controllers.HomeControllerTest, Blog.Tests, Version=1.0.0.0, Culture=neutral, PublicKeyToken=null" name="About" />
    </UnitTest>
    <UnitTest name="ChangePassword_Get_ReturnsView" storage="c:\documents and settings\sql\pulpit\blog\blog\blog.tests\bin\debug\blog.tests.dll" id="5e9f54d9-4492-44ee-777f-a8420deb60ff">
      <Execution id="3e6d90ea-1359-4e53-9397-e23a55b71b96" />
      <TestMethod codeBase="C:/Documents and Settings/SQL/Pulpit/Blog/Blog/Blog.Tests/bin/Debug/Blog.Tests.DLL" adapterTypeName="Microsoft.VisualStudio.TestTools.TestTypes.Unit.UnitTestAdapter, Microsoft.VisualStudio.QualityTools.Tips.UnitTest.Adapter, Version=10.0.0.0, Culture=neutral, PublicKeyToken=b03f5f7f11d50a3a" className="Blog.Tests.Controllers.AccountControllerTest, Blog.Tests, Version=1.0.0.0, Culture=neutral, PublicKeyToken=null" name="ChangePassword_Get_ReturnsView" />
    </UnitTest>
    <UnitTest name="ChangePassword_Post_ReturnsViewIfChangePasswordFails" storage="c:\documents and settings\sql\pulpit\blog\blog\blog.tests\bin\debug\blog.tests.dll" id="205a1e47-d331-9499-1894-53ad8f9fccab">
      <Execution id="2129ce78-b894-41af-a3f9-afc2c70bd994" />
      <TestMethod codeBase="C:/Documents and Settings/SQL/Pulpit/Blog/Blog/Blog.Tests/bin/Debug/Blog.Tests.DLL" adapterTypeName="Microsoft.VisualStudio.TestTools.TestTypes.Unit.UnitTestAdapter, Microsoft.VisualStudio.QualityTools.Tips.UnitTest.Adapter, Version=10.0.0.0, Culture=neutral, PublicKeyToken=b03f5f7f11d50a3a" className="Blog.Tests.Controllers.AccountControllerTest, Blog.Tests, Version=1.0.0.0, Culture=neutral, PublicKeyToken=null" name="ChangePassword_Post_ReturnsViewIfChangePasswordFails" />
    </UnitTest>
    <UnitTest name="LogOn_Get_ReturnsView" storage="c:\documents and settings\sql\pulpit\blog\blog\blog.tests\bin\debug\blog.tests.dll" id="d805d901-f9f7-5711-074f-7866dead8a43">
      <Execution id="85a016d1-aff8-416e-af19-86b1d6d77496" />
      <TestMethod codeBase="C:/Documents and Settings/SQL/Pulpit/Blog/Blog/Blog.Tests/bin/Debug/Blog.Tests.DLL" adapterTypeName="Microsoft.VisualStudio.TestTools.TestTypes.Unit.UnitTestAdapter, Microsoft.VisualStudio.QualityTools.Tips.UnitTest.Adapter, Version=10.0.0.0, Culture=neutral, PublicKeyToken=b03f5f7f11d50a3a" className="Blog.Tests.Controllers.AccountControllerTest, Blog.Tests, Version=1.0.0.0, Culture=neutral, PublicKeyToken=null" name="LogOn_Get_ReturnsView" />
    </UnitTest>
    <UnitTest name="Index" storage="c:\documents and settings\sql\pulpit\blog\blog\blog.tests\bin\debug\blog.tests.dll" id="39e9bcc6-76c8-ed1a-43aa-d2aaa3dd976d">
      <Execution id="4ed170b9-653f-46b5-bda3-a1bb2f122b16" />
      <TestMethod codeBase="C:/Documents and Settings/SQL/Pulpit/Blog/Blog/Blog.Tests/bin/Debug/Blog.Tests.DLL" adapterTypeName="Microsoft.VisualStudio.TestTools.TestTypes.Unit.UnitTestAdapter, Microsoft.VisualStudio.QualityTools.Tips.UnitTest.Adapter, Version=10.0.0.0, Culture=neutral, PublicKeyToken=b03f5f7f11d50a3a" className="Blog.Tests.Controllers.HomeControllerTest, Blog.Tests, Version=1.0.0.0, Culture=neutral, PublicKeyToken=null" name="Index" />
    </UnitTest>
    <UnitTest name="DodajPostTest1" storage="c:\documents and settings\sql\pulpit\blog\blog\blog.tests\bin\debug\blog.tests.dll" id="06f23152-e28d-d479-6c9e-03c6f54bfb95">
      <Execution id="a732680c-5544-4df8-afbd-f9cd700cf73f" />
      <TestMethod codeBase="C:/Documents and Settings/SQL/Pulpit/Blog/Blog/Blog.Tests/bin/Debug/Blog.Tests.DLL" adapterTypeName="Microsoft.VisualStudio.TestTools.TestTypes.Unit.UnitTestAdapter, Microsoft.VisualStudio.QualityTools.Tips.UnitTest.Adapter, Version=10.0.0.0, Culture=neutral, PublicKeyToken=b03f5f7f11d50a3a" className="Blog.Tests.AdministracjaControllerTest, Blog.Tests, Version=1.0.0.0, Culture=neutral, PublicKeyToken=null" name="DodajPostTest1" />
      <AspNet webSiteUrl="http://localhost:1032/">
        <Host pathToWebApp="C:\Documents and Settings\SQL\Pulpit\Blog\Blog\Blog" webAppRoot="/" />
      </AspNet>
    </UnitTest>
    <UnitTest name="ChangePasswordSuccess_ReturnsView" storage="c:\documents and settings\sql\pulpit\blog\blog\blog.tests\bin\debug\blog.tests.dll" id="4d59d669-73e8-29e9-802d-250f6e65941d">
      <Execution id="84d89d73-892f-4688-9c7b-21c16b7329e8" />
      <TestMethod codeBase="C:/Documents and Settings/SQL/Pulpit/Blog/Blog/Blog.Tests/bin/Debug/Blog.Tests.DLL" adapterTypeName="Microsoft.VisualStudio.TestTools.TestTypes.Unit.UnitTestAdapter, Microsoft.VisualStudio.QualityTools.Tips.UnitTest.Adapter, Version=10.0.0.0, Culture=neutral, PublicKeyToken=b03f5f7f11d50a3a" className="Blog.Tests.Controllers.AccountControllerTest, Blog.Tests, Version=1.0.0.0, Culture=neutral, PublicKeyToken=null" name="ChangePasswordSuccess_ReturnsView" />
    </UnitTest>
    <UnitTest name="LogOn_Post_ReturnsRedirectOnSuccess_WithLocalReturnUrl" storage="c:\documents and settings\sql\pulpit\blog\blog\blog.tests\bin\debug\blog.tests.dll" id="7869b598-25c4-1214-5dfe-33c58fa20a01">
      <Execution id="8e5fa35d-7370-46ce-87b1-ffa4d944e304" />
      <TestMethod codeBase="C:/Documents and Settings/SQL/Pulpit/Blog/Blog/Blog.Tests/bin/Debug/Blog.Tests.DLL" adapterTypeName="Microsoft.VisualStudio.TestTools.TestTypes.Unit.UnitTestAdapter, Microsoft.VisualStudio.QualityTools.Tips.UnitTest.Adapter, Version=10.0.0.0, Culture=neutral, PublicKeyToken=b03f5f7f11d50a3a" className="Blog.Tests.Controllers.AccountControllerTest, Blog.Tests, Version=1.0.0.0, Culture=neutral, PublicKeyToken=null" name="LogOn_Post_ReturnsRedirectOnSuccess_WithLocalReturnUrl" />
    </UnitTest>
    <UnitTest name="AdministracjaControllerConstructorTest" storage="c:\documents and settings\sql\pulpit\blog\blog\blog.tests\bin\debug\blog.tests.dll" id="dc306a54-e9dc-5340-4d2d-3941cbfb0361">
      <Execution id="fe8d9a43-2120-4292-9c59-3d1520fcb827" />
      <TestMethod codeBase="C:/Documents and Settings/SQL/Pulpit/Blog/Blog/Blog.Tests/bin/Debug/Blog.Tests.DLL" adapterTypeName="Microsoft.VisualStudio.TestTools.TestTypes.Unit.UnitTestAdapter, Microsoft.VisualStudio.QualityTools.Tips.UnitTest.Adapter, Version=10.0.0.0, Culture=neutral, PublicKeyToken=b03f5f7f11d50a3a" className="Blog.Tests.AdministracjaControllerTest, Blog.Tests, Version=1.0.0.0, Culture=neutral, PublicKeyToken=null" name="AdministracjaControllerConstructorTest" />
      <AspNet webSiteUrl="http://localhost:1032/">
        <Host pathToWebApp="C:\Documents and Settings\SQL\Pulpit\Blog\Blog\Blog" webAppRoot="/" />
      </AspNet>
    </UnitTest>
    <UnitTest name="WysKomentarzeTest" storage="c:\documents and settings\sql\pulpit\blog\blog\blog.tests\bin\debug\blog.tests.dll" id="06d0ff14-93ae-a42c-e02c-1f126f9257c9">
      <Execution id="045d1940-c552-4e6f-a797-d23468828f10" />
      <TestMethod codeBase="C:/Documents and Settings/SQL/Pulpit/Blog/Blog/Blog.Tests/bin/Debug/Blog.Tests.DLL" adapterTypeName="Microsoft.VisualStudio.TestTools.TestTypes.Unit.UnitTestAdapter, Microsoft.VisualStudio.QualityTools.Tips.UnitTest.Adapter, Version=10.0.0.0, Culture=neutral, PublicKeyToken=b03f5f7f11d50a3a" className="Blog.Tests.AdministracjaControllerTest, Blog.Tests, Version=1.0.0.0, Culture=neutral, PublicKeyToken=null" name="WysKomentarzeTest" />
      <AspNet webSiteUrl="http://localhost:1032/">
        <Host pathToWebApp="C:\Documents and Settings\SQL\Pulpit\Blog\Blog\Blog" webAppRoot="/" />
      </AspNet>
    </UnitTest>
    <UnitTest name="LogOn_Post_ReturnsViewIfModelStateIsInvalid" storage="c:\documents and settings\sql\pulpit\blog\blog\blog.tests\bin\debug\blog.tests.dll" id="169a3289-f32f-07cd-cbeb-20e0414e6b97">
      <Execution id="85c511a1-86fe-443f-a2c4-3071df5d289d" />
      <TestMethod codeBase="C:/Documents and Settings/SQL/Pulpit/Blog/Blog/Blog.Tests/bin/Debug/Blog.Tests.DLL" adapterTypeName="Microsoft.VisualStudio.TestTools.TestTypes.Unit.UnitTestAdapter, Microsoft.VisualStudio.QualityTools.Tips.UnitTest.Adapter, Version=10.0.0.0, Culture=neutral, PublicKeyToken=b03f5f7f11d50a3a" className="Blog.Tests.Controllers.AccountControllerTest, Blog.Tests, Version=1.0.0.0, Culture=neutral, PublicKeyToken=null" name="LogOn_Post_ReturnsViewIfModelStateIsInvalid" />
    </UnitTest>
  </TestDefinitions>
  <TestLists>
    <TestList name="Results Not in a List" id="8c84fa94-04c1-424b-9868-57a2d4851a1d" />
    <TestList name="All Loaded Results" id="19431567-8539-422a-85d7-44ee4e166bda" />
  </TestLists>
  <TestEntries>
    <TestEntry testId="03be8fe1-1df7-4584-1a99-5451ad0e5f58" executionId="70e9b55e-2425-43e1-9d9a-e1ec76aa7ec2" testListId="8c84fa94-04c1-424b-9868-57a2d4851a1d" />
    <TestEntry testId="06d0ff14-93ae-a42c-e02c-1f126f9257c9" executionId="045d1940-c552-4e6f-a797-d23468828f10" testListId="8c84fa94-04c1-424b-9868-57a2d4851a1d" />
    <TestEntry testId="06f23152-e28d-d479-6c9e-03c6f54bfb95" executionId="a732680c-5544-4df8-afbd-f9cd700cf73f" testListId="8c84fa94-04c1-424b-9868-57a2d4851a1d" />
    <TestEntry testId="166264b4-e92b-2a65-4c71-c1906151ba99" executionId="57b7df87-5edf-429c-99b8-586f2f55cea4" testListId="8c84fa94-04c1-424b-9868-57a2d4851a1d" />
    <TestEntry testId="169a3289-f32f-07cd-cbeb-20e0414e6b97" executionId="85c511a1-86fe-443f-a2c4-3071df5d289d" testListId="8c84fa94-04c1-424b-9868-57a2d4851a1d" />
    <TestEntry testId="205a1e47-d331-9499-1894-53ad8f9fccab" executionId="2129ce78-b894-41af-a3f9-afc2c70bd994" testListId="8c84fa94-04c1-424b-9868-57a2d4851a1d" />
    <TestEntry testId="27b0148a-df20-bd81-c367-703566ba0c1b" executionId="0527fec2-9c6a-4b8a-ad3d-34aecb323e7e" testListId="8c84fa94-04c1-424b-9868-57a2d4851a1d" />
    <TestEntry testId="34028fde-4d77-8288-f6b5-65eb80d88710" executionId="588a89b9-4d8f-4282-84de-75e5f5d5a627" testListId="8c84fa94-04c1-424b-9868-57a2d4851a1d" />
    <TestEntry testId="36c1186a-eb2e-948f-d256-eed6571c7eff" executionId="c079e8c1-6fb6-4a69-86b6-d2036476ca90" testListId="8c84fa94-04c1-424b-9868-57a2d4851a1d" />
    <TestEntry testId="39e9bcc6-76c8-ed1a-43aa-d2aaa3dd976d" executionId="4ed170b9-653f-46b5-bda3-a1bb2f122b16" testListId="8c84fa94-04c1-424b-9868-57a2d4851a1d" />
    <TestEntry testId="3af9e023-8413-9574-0efb-b3e1fec209bc" executionId="1e34b6b2-8ff4-4092-b614-a1ff1d01fa8e" testListId="8c84fa94-04c1-424b-9868-57a2d4851a1d" />
    <TestEntry testId="42e4128c-17e2-b5a9-e1d9-3b2d8668ba5a" executionId="337af8b7-184a-4537-974e-505bcf9abeff" testListId="8c84fa94-04c1-424b-9868-57a2d4851a1d" />
    <TestEntry testId="4d59d669-73e8-29e9-802d-250f6e65941d" executionId="84d89d73-892f-4688-9c7b-21c16b7329e8" testListId="8c84fa94-04c1-424b-9868-57a2d4851a1d" />
    <TestEntry testId="4f4207e6-8fa8-e9f1-2965-96855e8e0986" executionId="2b26bec5-0602-4272-90b8-14e40ec281be" testListId="8c84fa94-04c1-424b-9868-57a2d4851a1d" />
    <TestEntry testId="56ce720c-2140-72d3-9655-43a8654017c6" executionId="80dc57c7-9121-4b6c-b75e-7cacea2d5e0f" testListId="8c84fa94-04c1-424b-9868-57a2d4851a1d" />
    <TestEntry testId="57901487-f8bf-748f-6ccf-36b062171c3a" executionId="ec6a80e1-30ce-498d-a723-1240cf3c4ac1" testListId="8c84fa94-04c1-424b-9868-57a2d4851a1d" />
    <TestEntry testId="5e9f54d9-4492-44ee-777f-a8420deb60ff" executionId="3e6d90ea-1359-4e53-9397-e23a55b71b96" testListId="8c84fa94-04c1-424b-9868-57a2d4851a1d" />
    <TestEntry testId="726fc13a-1bcd-9bd4-47f1-de99063f1d56" executionId="02c38f0d-cf35-41ae-8e28-bb88e6384e69" testListId="8c84fa94-04c1-424b-9868-57a2d4851a1d" />
    <TestEntry testId="7869b598-25c4-1214-5dfe-33c58fa20a01" executionId="8e5fa35d-7370-46ce-87b1-ffa4d944e304" testListId="8c84fa94-04c1-424b-9868-57a2d4851a1d" />
    <TestEntry testId="7aca6f90-688d-c81a-c5c3-437c1f101f80" executionId="3a5245c1-f0eb-40e8-b3b8-f52246a4562b" testListId="8c84fa94-04c1-424b-9868-57a2d4851a1d" />
    <TestEntry testId="909a44e7-dbd5-b822-6359-1bdd04ff8d27" executionId="a9b6e181-754e-4526-9bd2-238d71c7f32e" testListId="8c84fa94-04c1-424b-9868-57a2d4851a1d" />
    <TestEntry testId="9601a7ae-bb3a-2892-5c39-397ef89a0b1b" executionId="954f5d52-0885-44f5-83d9-ecb29a5e921c" testListId="8c84fa94-04c1-424b-9868-57a2d4851a1d" />
    <TestEntry testId="96c0059b-1c41-71af-f167-06e2c893db15" executionId="7dbf9451-3c79-44cd-a2ee-780905806ec4" testListId="8c84fa94-04c1-424b-9868-57a2d4851a1d" />
    <TestEntry testId="991f6fa4-fa34-004e-30ea-2b458b07e203" executionId="301fffbe-a4b3-4d3f-afb5-718e601a8d98" testListId="8c84fa94-04c1-424b-9868-57a2d4851a1d" />
    <TestEntry testId="a1b77401-1bd9-f9dd-387b-d29b1a396fb4" executionId="ae39041a-c2e8-42d3-9b14-3bf83e12c37e" testListId="8c84fa94-04c1-424b-9868-57a2d4851a1d" />
    <TestEntry testId="a6b588d3-d7ce-097b-fb95-75cc843350ca" executionId="29d6428a-d2a8-4f4b-bc02-68c675ea5502" testListId="8c84fa94-04c1-424b-9868-57a2d4851a1d" />
    <TestEntry testId="a9291e12-4841-3a5c-f637-09403db212c0" executionId="18af49d6-8809-4635-8240-d8f5d25d5237" testListId="8c84fa94-04c1-424b-9868-57a2d4851a1d" />
    <TestEntry testId="ae13f39b-f0eb-e24d-8d11-7a7092f2ebda" executionId="5ce5c4bc-e998-4cc5-887f-657f347d6697" testListId="8c84fa94-04c1-424b-9868-57a2d4851a1d" />
    <TestEntry testId="d412c0d6-1690-c641-1834-730d981b8d59" executionId="6ef4205b-f3ca-4896-9382-2228637d0652" testListId="8c84fa94-04c1-424b-9868-57a2d4851a1d" />
    <TestEntry testId="d4e6421a-3e38-cc12-959f-d59f3b01bf7a" executionId="2cf86651-9310-41bf-9485-71a7fd55587b" testListId="8c84fa94-04c1-424b-9868-57a2d4851a1d" />
    <TestEntry testId="d805d901-f9f7-5711-074f-7866dead8a43" executionId="85a016d1-aff8-416e-af19-86b1d6d77496" testListId="8c84fa94-04c1-424b-9868-57a2d4851a1d" />
    <TestEntry testId="daea9d66-3502-e1c8-dc48-cbb4a65f713d" executionId="c5c39ac4-28f4-4eb7-b846-7a482caf37c9" testListId="8c84fa94-04c1-424b-9868-57a2d4851a1d" />
    <TestEntry testId="dc306a54-e9dc-5340-4d2d-3941cbfb0361" executionId="fe8d9a43-2120-4292-9c59-3d1520fcb827" testListId="8c84fa94-04c1-424b-9868-57a2d4851a1d" />
    <TestEntry testId="e41f0101-44d6-db5c-c8a3-3986285f8e93" executionId="e2f91f47-ddc0-4aaf-a6ae-fe86ffd42ec5" testListId="8c84fa94-04c1-424b-9868-57a2d4851a1d" />
    <TestEntry testId="e89981cb-0b8b-6777-ade8-610241e20a50" executionId="13e93d25-1fe5-4f3b-9895-2f7e86af42e7" testListId="8c84fa94-04c1-424b-9868-57a2d4851a1d" />
    <TestEntry testId="f5fb9af2-4042-d259-4852-58b1592b1473" executionId="1e6758b3-ef71-4ef6-8fd9-ca0af27be0fa" testListId="8c84fa94-04c1-424b-9868-57a2d4851a1d" />
  </TestEntries>
  <Results>
    <UnitTestResult executionId="70e9b55e-2425-43e1-9d9a-e1ec76aa7ec2" testId="03be8fe1-1df7-4584-1a99-5451ad0e5f58" testName="Register_Post_ReturnsViewIfModelStateIsInvalid" computerName="MASZYNA" duration="00:00:00.1797094" startTime="2011-05-30T23:44:02.0689344+02:00" endTime="2011-05-30T23:44:02.8400432+02:00" testType="13cdc9d9-ddb5-4fa4-a97d-d965ccfc6d4b" outcome="Passed" testListId="8c84fa94-04c1-424b-9868-57a2d4851a1d" relativeResultsDirectory="70e9b55e-2425-43e1-9d9a-e1ec76aa7ec2">
    </UnitTestResult>
    <UnitTestResult executionId="045d1940-c552-4e6f-a797-d23468828f10" testId="06d0ff14-93ae-a42c-e02c-1f126f9257c9" testName="WysKomentarzeTest" computerName="MASZYNA" startTime="2011-05-30T23:44:03.0904032+02:00" endTime="2011-05-30T23:44:25.6828896+02:00" testType="13cdc9d9-ddb5-4fa4-a97d-d965ccfc6d4b" outcome="Failed" testListId="8c84fa94-04c1-424b-9868-57a2d4851a1d" relativeResultsDirectory="045d1940-c552-4e6f-a797-d23468828f10">
      <Output>
        <ErrorInfo>
          <Message>The Web request 'http://localhost:1032/' completed successfully without running the test. This can occur when configuring the Web application for testing fails (an ASP.NET server error occurs when processing the request), or when no ASP.NET page is executed (the URL may point to an HTML page, a Web service, or a directory listing). Running tests in ASP.NET requires the URL to resolve to an ASP.NET page and for the page to execute properly up to the Load event. The response from the request is stored in the file 'WebRequestResponse_WysKomentarzeTest.html' with the test results; typically this file can be opened with a Web browser to view its contents.</Message>
        </ErrorInfo>
      </Output>
      <ResultFiles>
        <ResultFile path="MASZYNA\WebRequestResponse_WysKomentarzeTest.html" />
      </ResultFiles>
    </UnitTestResult>
    <UnitTestResult executionId="a732680c-5544-4df8-afbd-f9cd700cf73f" testId="06f23152-e28d-d479-6c9e-03c6f54bfb95" testName="DodajPostTest1" computerName="MASZYNA" startTime="2011-05-30T23:44:25.6929040+02:00" endTime="2011-05-30T23:44:27.4454240+02:00" testType="13cdc9d9-ddb5-4fa4-a97d-d965ccfc6d4b" outcome="Failed" testListId="8c84fa94-04c1-424b-9868-57a2d4851a1d" relativeResultsDirectory="a732680c-5544-4df8-afbd-f9cd700cf73f">
      <Output>
        <ErrorInfo>
          <Message>The Web request 'http://localhost:1032/' completed successfully without running the test. This can occur when configuring the Web application for testing fails (an ASP.NET server error occurs when processing the request), or when no ASP.NET page is executed (the URL may point to an HTML page, a Web service, or a directory listing). Running tests in ASP.NET requires the URL to resolve to an ASP.NET page and for the page to execute properly up to the Load event. The response from the request is stored in the file 'WebRequestResponse_DodajPostTest1.html' with the test results; typically this file can be opened with a Web browser to view its contents.</Message>
        </ErrorInfo>
      </Output>
      <ResultFiles>
        <ResultFile path="MASZYNA\WebRequestResponse_DodajPostTest1.html" />
      </ResultFiles>
    </UnitTestResult>
    <UnitTestResult executionId="57b7df87-5edf-429c-99b8-586f2f55cea4" testId="166264b4-e92b-2a65-4c71-c1906151ba99" testName="About" computerName="MASZYNA" duration="00:00:00.1472410" startTime="2011-05-30T23:44:27.4654528+02:00" endTime="2011-05-30T23:44:27.6256832+02:00" testType="13cdc9d9-ddb5-4fa4-a97d-d965ccfc6d4b" outcome="Failed" testListId="8c84fa94-04c1-424b-9868-57a2d4851a1d" relativeResultsDirectory="57b7df87-5edf-429c-99b8-586f2f55cea4">
      <Output>
        <ErrorInfo>
          <Message>Test method Blog.Tests.Controllers.HomeControllerTest.About threw exception: 
System.ArgumentException: The specified named connection is either not found in the configuration, not intended to be used with the EntityClient provider, or not valid.</Message>
          <StackTrace>    at System.Data.EntityClient.EntityConnection.ChangeConnectionString(String newConnectionString)
   at System.Data.EntityClient.EntityConnection..ctor(String connectionString)
   at System.Data.Objects.ObjectContext.CreateEntityConnection(String connectionString)
   at System.Data.Objects.ObjectContext..ctor(String connectionString, String defaultContainerName)
   at Blog.Models.BlogEntities..ctor() in C:\Documents and Settings\SQL\Pulpit\Blog\Blog\Blog\Models\BlogDB.Designer.cs:line 40
   at Blog.Controllers.HomeController..ctor() in C:\Documents and Settings\SQL\Pulpit\Blog\Blog\Blog\Controllers\HomeController.cs:line 13
   at Blog.Tests.Controllers.HomeControllerTest.About() in C:\Documents and Settings\SQL\Pulpit\Blog\Blog\Blog.Tests\Controllers\HomeControllerTest.cs:line 32
</StackTrace>
        </ErrorInfo>
      </Output>
    </UnitTestResult>
    <UnitTestResult executionId="85c511a1-86fe-443f-a2c4-3071df5d289d" testId="169a3289-f32f-07cd-cbeb-20e0414e6b97" testName="LogOn_Post_ReturnsViewIfModelStateIsInvalid" computerName="MASZYNA" duration="00:00:00.0023438" startTime="2011-05-30T23:44:27.6356976+02:00" endTime="2011-05-30T23:44:27.6457120+02:00" testType="13cdc9d9-ddb5-4fa4-a97d-d965ccfc6d4b" outcome="Passed" testListId="8c84fa94-04c1-424b-9868-57a2d4851a1d" relativeResultsDirectory="85c511a1-86fe-443f-a2c4-3071df5d289d">
    </UnitTestResult>
    <UnitTestResult executionId="2129ce78-b894-41af-a3f9-afc2c70bd994" testId="205a1e47-d331-9499-1894-53ad8f9fccab" testName="ChangePassword_Post_ReturnsViewIfChangePasswordFails" computerName="MASZYNA" duration="00:00:00.0053316" startTime="2011-05-30T23:44:27.6457120+02:00" endTime="2011-05-30T23:44:27.6557264+02:00" testType="13cdc9d9-ddb5-4fa4-a97d-d965ccfc6d4b" outcome="Passed" testListId="8c84fa94-04c1-424b-9868-57a2d4851a1d" relativeResultsDirectory="2129ce78-b894-41af-a3f9-afc2c70bd994">
    </UnitTestResult>
    <UnitTestResult executionId="0527fec2-9c6a-4b8a-ad3d-34aecb323e7e" testId="27b0148a-df20-bd81-c367-703566ba0c1b" testName="UsunKomTest" computerName="MASZYNA" startTime="2011-05-30T23:44:27.6557264+02:00" endTime="2011-05-30T23:44:27.6957840+02:00" testType="13cdc9d9-ddb5-4fa4-a97d-d965ccfc6d4b" outcome="Failed" testListId="8c84fa94-04c1-424b-9868-57a2d4851a1d" relativeResultsDirectory="0527fec2-9c6a-4b8a-ad3d-34aecb323e7e">
      <Output>
        <ErrorInfo>
          <Message>The Web request 'http://localhost:1032/' completed successfully without running the test. This can occur when configuring the Web application for testing fails (an ASP.NET server error occurs when processing the request), or when no ASP.NET page is executed (the URL may point to an HTML page, a Web service, or a directory listing). Running tests in ASP.NET requires the URL to resolve to an ASP.NET page and for the page to execute properly up to the Load event. The response from the request is stored in the file 'WebRequestResponse_UsunKomTest.html' with the test results; typically this file can be opened with a Web browser to view its contents.</Message>
        </ErrorInfo>
      </Output>
      <ResultFiles>
        <ResultFile path="MASZYNA\WebRequestResponse_UsunKomTest.html" />
      </ResultFiles>
    </UnitTestResult>
    <UnitTestResult executionId="588a89b9-4d8f-4282-84de-75e5f5d5a627" testId="34028fde-4d77-8288-f6b5-65eb80d88710" testName="DodajPostTest" computerName="MASZYNA" startTime="2011-05-30T23:44:27.7057984+02:00" endTime="2011-05-30T23:44:27.7358416+02:00" testType="13cdc9d9-ddb5-4fa4-a97d-d965ccfc6d4b" outcome="Failed" testListId="8c84fa94-04c1-424b-9868-57a2d4851a1d" relativeResultsDirectory="588a89b9-4d8f-4282-84de-75e5f5d5a627">
      <Output>
        <ErrorInfo>
          <Message>The Web request 'http://localhost:1032/' completed successfully without running the test. This can occur when configuring the Web application for testing fails (an ASP.NET server error occurs when processing the request), or when no ASP.NET page is executed (the URL may point to an HTML page, a Web service, or a directory listing). Running tests in ASP.NET requires the URL to resolve to an ASP.NET page and for the page to execute properly up to the Load event. The response from the request is stored in the file 'WebRequestResponse_DodajPostTest.html' with the test results; typically this file can be opened with a Web browser to view its contents.</Message>
        </ErrorInfo>
      </Output>
      <ResultFiles>
        <ResultFile path="MASZYNA\WebRequestResponse_DodajPostTest.html" />
      </ResultFiles>
    </UnitTestResult>
    <UnitTestResult executionId="c079e8c1-6fb6-4a69-86b6-d2036476ca90" testId="36c1186a-eb2e-948f-d256-eed6571c7eff" testName="PostyOznaczoneTagiemTest" computerName="MASZYNA" startTime="2011-05-30T23:44:27.7458560+02:00" endTime="2011-05-30T23:44:27.7558704+02:00" testType="13cdc9d9-ddb5-4fa4-a97d-d965ccfc6d4b" outcome="Failed" testListId="8c84fa94-04c1-424b-9868-57a2d4851a1d" relativeResultsDirectory="c079e8c1-6fb6-4a69-86b6-d2036476ca90">
      <Output>
        <ErrorInfo>
          <Message>The Web request 'http://localhost:1032/' completed successfully without running the test. This can occur when configuring the Web application for testing fails (an ASP.NET server error occurs when processing the request), or when no ASP.NET page is executed (the URL may point to an HTML page, a Web service, or a directory listing). Running tests in ASP.NET requires the URL to resolve to an ASP.NET page and for the page to execute properly up to the Load event. The response from the request is stored in the file 'WebRequestResponse_PostyOznaczoneTagiem.html' with the test results; typically this file can be opened with a Web browser to view its contents.</Message>
        </ErrorInfo>
      </Output>
      <ResultFiles>
        <ResultFile path="MASZYNA\WebRequestResponse_PostyOznaczoneTagiem.html" />
      </ResultFiles>
    </UnitTestResult>
    <UnitTestResult executionId="4ed170b9-653f-46b5-bda3-a1bb2f122b16" testId="39e9bcc6-76c8-ed1a-43aa-d2aaa3dd976d" testName="Index" computerName="MASZYNA" duration="00:00:00.0050886" startTime="2011-05-30T23:44:27.7658848+02:00" endTime="2011-05-30T23:44:27.7758992+02:00" testType="13cdc9d9-ddb5-4fa4-a97d-d965ccfc6d4b" outcome="Failed" testListId="8c84fa94-04c1-424b-9868-57a2d4851a1d" relativeResultsDirectory="4ed170b9-653f-46b5-bda3-a1bb2f122b16">
      <Output>
        <ErrorInfo>
          <Message>Test method Blog.Tests.Controllers.HomeControllerTest.Index threw exception: 
System.ArgumentException: The specified named connection is either not found in the configuration, not intended to be used with the EntityClient provider, or not valid.</Message>
          <StackTrace>    at System.Data.EntityClient.EntityConnection.ChangeConnectionString(String newConnectionString)
   at System.Data.EntityClient.EntityConnection..ctor(String connectionString)
   at System.Data.Objects.ObjectContext.CreateEntityConnection(String connectionString)
   at System.Data.Objects.ObjectContext..ctor(String connectionString, String defaultContainerName)
   at Blog.Models.BlogEntities..ctor() in C:\Documents and Settings\SQL\Pulpit\Blog\Blog\Blog\Models\BlogDB.Designer.cs:line 40
   at Blog.Controllers.HomeController..ctor() in C:\Documents and Settings\SQL\Pulpit\Blog\Blog\Blog\Controllers\HomeController.cs:line 13
   at Blog.Tests.Controllers.HomeControllerTest.Index() in C:\Documents and Settings\SQL\Pulpit\Blog\Blog\Blog.Tests\Controllers\HomeControllerTest.cs:line 19
</StackTrace>
        </ErrorInfo>
      </Output>
    </UnitTestResult>
    <UnitTestResult executionId="1e34b6b2-8ff4-4092-b614-a1ff1d01fa8e" testId="3af9e023-8413-9574-0efb-b3e1fec209bc" testName="Register_Post_ReturnsRedirectOnSuccess" computerName="MASZYNA" duration="00:00:00.0087086" startTime="2011-05-30T23:44:27.7758992+02:00" endTime="2011-05-30T23:44:27.7859136+02:00" testType="13cdc9d9-ddb5-4fa4-a97d-d965ccfc6d4b" outcome="Passed" testListId="8c84fa94-04c1-424b-9868-57a2d4851a1d" relativeResultsDirectory="1e34b6b2-8ff4-4092-b614-a1ff1d01fa8e">
    </UnitTestResult>
    <UnitTestResult executionId="337af8b7-184a-4537-974e-505bcf9abeff" testId="42e4128c-17e2-b5a9-e1d9-3b2d8668ba5a" testName="Register_Get_ReturnsView" computerName="MASZYNA" duration="00:00:00.0059881" startTime="2011-05-30T23:44:27.7859136+02:00" endTime="2011-05-30T23:44:27.7959280+02:00" testType="13cdc9d9-ddb5-4fa4-a97d-d965ccfc6d4b" outcome="Passed" testListId="8c84fa94-04c1-424b-9868-57a2d4851a1d" relativeResultsDirectory="337af8b7-184a-4537-974e-505bcf9abeff">
    </UnitTestResult>
    <UnitTestResult executionId="84d89d73-892f-4688-9c7b-21c16b7329e8" testId="4d59d669-73e8-29e9-802d-250f6e65941d" testName="ChangePasswordSuccess_ReturnsView" computerName="MASZYNA" duration="00:00:00.0041024" startTime="2011-05-30T23:44:27.7959280+02:00" endTime="2011-05-30T23:44:27.8059424+02:00" testType="13cdc9d9-ddb5-4fa4-a97d-d965ccfc6d4b" outcome="Passed" testListId="8c84fa94-04c1-424b-9868-57a2d4851a1d" relativeResultsDirectory="84d89d73-892f-4688-9c7b-21c16b7329e8">
    </UnitTestResult>
    <UnitTestResult executionId="2b26bec5-0602-4272-90b8-14e40ec281be" testId="4f4207e6-8fa8-e9f1-2965-96855e8e0986" testName="DeleteTest1" computerName="MASZYNA" startTime="2011-05-30T23:44:27.8059424+02:00" endTime="2011-05-30T23:44:27.8760432+02:00" testType="13cdc9d9-ddb5-4fa4-a97d-d965ccfc6d4b" outcome="Failed" testListId="8c84fa94-04c1-424b-9868-57a2d4851a1d" relativeResultsDirectory="2b26bec5-0602-4272-90b8-14e40ec281be">
      <Output>
        <ErrorInfo>
          <Message>The Web request 'http://localhost:1032/' completed successfully without running the test. This can occur when configuring the Web application for testing fails (an ASP.NET server error occurs when processing the request), or when no ASP.NET page is executed (the URL may point to an HTML page, a Web service, or a directory listing). Running tests in ASP.NET requires the URL to resolve to an ASP.NET page and for the page to execute properly up to the Load event. The response from the request is stored in the file 'WebRequestResponse_DeleteTest1.html' with the test results; typically this file can be opened with a Web browser to view its contents.</Message>
        </ErrorInfo>
      </Output>
      <ResultFiles>
        <ResultFile path="MASZYNA\WebRequestResponse_DeleteTest1.html" />
      </ResultFiles>
    </UnitTestResult>
    <UnitTestResult executionId="80dc57c7-9121-4b6c-b75e-7cacea2d5e0f" testId="56ce720c-2140-72d3-9655-43a8654017c6" testName="PostTest" computerName="MASZYNA" startTime="2011-05-30T23:44:27.8960720+02:00" endTime="2011-05-30T23:44:27.9361296+02:00" testType="13cdc9d9-ddb5-4fa4-a97d-d965ccfc6d4b" outcome="Failed" testListId="8c84fa94-04c1-424b-9868-57a2d4851a1d" relativeResultsDirectory="80dc57c7-9121-4b6c-b75e-7cacea2d5e0f">
      <Output>
        <ErrorInfo>
          <Message>The Web request 'http://localhost:1032/' completed successfully without running the test. This can occur when configuring the Web application for testing fails (an ASP.NET server error occurs when processing the request), or when no ASP.NET page is executed (the URL may point to an HTML page, a Web service, or a directory listing). Running tests in ASP.NET requires the URL to resolve to an ASP.NET page and for the page to execute properly up to the Load event. The response from the request is stored in the file 'WebRequestResponse_PostTest.html' with the test results; typically this file can be opened with a Web browser to view its contents.</Message>
        </ErrorInfo>
      </Output>
      <ResultFiles>
        <ResultFile path="MASZYNA\WebRequestResponse_PostTest.html" />
      </ResultFiles>
    </UnitTestResult>
    <UnitTestResult executionId="ec6a80e1-30ce-498d-a723-1240cf3c4ac1" testId="57901487-f8bf-748f-6ccf-36b062171c3a" testName="DeleteTest" computerName="MASZYNA" startTime="2011-05-30T23:44:27.9561584+02:00" endTime="2011-05-30T23:44:27.9761872+02:00" testType="13cdc9d9-ddb5-4fa4-a97d-d965ccfc6d4b" outcome="Failed" testListId="8c84fa94-04c1-424b-9868-57a2d4851a1d" relativeResultsDirectory="ec6a80e1-30ce-498d-a723-1240cf3c4ac1">
      <Output>
        <ErrorInfo>
          <Message>The Web request 'http://localhost:1032/' completed successfully without running the test. This can occur when configuring the Web application for testing fails (an ASP.NET server error occurs when processing the request), or when no ASP.NET page is executed (the URL may point to an HTML page, a Web service, or a directory listing). Running tests in ASP.NET requires the URL to resolve to an ASP.NET page and for the page to execute properly up to the Load event. The response from the request is stored in the file 'WebRequestResponse_DeleteTest.html' with the test results; typically this file can be opened with a Web browser to view its contents.</Message>
        </ErrorInfo>
      </Output>
      <ResultFiles>
        <ResultFile path="MASZYNA\WebRequestResponse_DeleteTest.html" />
      </ResultFiles>
    </UnitTestResult>
    <UnitTestResult executionId="3e6d90ea-1359-4e53-9397-e23a55b71b96" testId="5e9f54d9-4492-44ee-777f-a8420deb60ff" testName="ChangePassword_Get_ReturnsView" computerName="MASZYNA" duration="00:00:00.0035817" startTime="2011-05-30T23:44:27.9962160+02:00" endTime="2011-05-30T23:44:27.9962160+02:00" testType="13cdc9d9-ddb5-4fa4-a97d-d965ccfc6d4b" outcome="Passed" testListId="8c84fa94-04c1-424b-9868-57a2d4851a1d" relativeResultsDirectory="3e6d90ea-1359-4e53-9397-e23a55b71b96">
    </UnitTestResult>
    <UnitTestResult executionId="02c38f0d-cf35-41ae-8e28-bb88e6384e69" testId="726fc13a-1bcd-9bd4-47f1-de99063f1d56" testName="LogOn_Post_ReturnsRedirectOnSuccess_WithoutReturnUrl" computerName="MASZYNA" duration="00:00:00.0047478" startTime="2011-05-30T23:44:28.0062304+02:00" endTime="2011-05-30T23:44:28.0062304+02:00" testType="13cdc9d9-ddb5-4fa4-a97d-d965ccfc6d4b" outcome="Passed" testListId="8c84fa94-04c1-424b-9868-57a2d4851a1d" relativeResultsDirectory="02c38f0d-cf35-41ae-8e28-bb88e6384e69">
    </UnitTestResult>
    <UnitTestResult executionId="8e5fa35d-7370-46ce-87b1-ffa4d944e304" testId="7869b598-25c4-1214-5dfe-33c58fa20a01" testName="LogOn_Post_ReturnsRedirectOnSuccess_WithLocalReturnUrl" computerName="MASZYNA" duration="00:00:00.0280896" startTime="2011-05-30T23:44:28.0162448+02:00" endTime="2011-05-30T23:44:28.0462880+02:00" testType="13cdc9d9-ddb5-4fa4-a97d-d965ccfc6d4b" outcome="Passed" testListId="8c84fa94-04c1-424b-9868-57a2d4851a1d" relativeResultsDirectory="8e5fa35d-7370-46ce-87b1-ffa4d944e304">
    </UnitTestResult>
    <UnitTestResult executionId="3a5245c1-f0eb-40e8-b3b8-f52246a4562b" testId="7aca6f90-688d-c81a-c5c3-437c1f101f80" testName="EditTest" computerName="MASZYNA" startTime="2011-05-30T23:44:28.0563024+02:00" endTime="2011-05-30T23:44:28.1063744+02:00" testType="13cdc9d9-ddb5-4fa4-a97d-d965ccfc6d4b" outcome="Failed" testListId="8c84fa94-04c1-424b-9868-57a2d4851a1d" relativeResultsDirectory="3a5245c1-f0eb-40e8-b3b8-f52246a4562b">
      <Output>
        <ErrorInfo>
          <Message>The Web request 'http://localhost:1032/' completed successfully without running the test. This can occur when configuring the Web application for testing fails (an ASP.NET server error occurs when processing the request), or when no ASP.NET page is executed (the URL may point to an HTML page, a Web service, or a directory listing). Running tests in ASP.NET requires the URL to resolve to an ASP.NET page and for the page to execute properly up to the Load event. The response from the request is stored in the file 'WebRequestResponse_EditTest.html' with the test results; typically this file can be opened with a Web browser to view its contents.</Message>
        </ErrorInfo>
      </Output>
      <ResultFiles>
        <ResultFile path="MASZYNA\WebRequestResponse_EditTest.html" />
      </ResultFiles>
    </UnitTestResult>
    <UnitTestResult executionId="a9b6e181-754e-4526-9bd2-238d71c7f32e" testId="909a44e7-dbd5-b822-6359-1bdd04ff8d27" testName="DodajKomTest" computerName="MASZYNA" startTime="2011-05-30T23:44:28.1264032+02:00" endTime="2011-05-30T23:44:28.1764752+02:00" testType="13cdc9d9-ddb5-4fa4-a97d-d965ccfc6d4b" outcome="Failed" testListId="8c84fa94-04c1-424b-9868-57a2d4851a1d" relativeResultsDirectory="a9b6e181-754e-4526-9bd2-238d71c7f32e">
      <Output>
        <ErrorInfo>
          <Message>The Web request 'http://localhost:1032/' completed successfully without running the test. This can occur when configuring the Web application for testing fails (an ASP.NET server error occurs when processing the request), or when no ASP.NET page is executed (the URL may point to an HTML page, a Web service, or a directory listing). Running tests in ASP.NET requires the URL to resolve to an ASP.NET page and for the page to execute properly up to the Load event. The response from the request is stored in the file 'WebRequestResponse_DodajKomTest.html' with the test results; typically this file can be opened with a Web browser to view its contents.</Message>
        </ErrorInfo>
      </Output>
      <ResultFiles>
        <ResultFile path="MASZYNA\WebRequestResponse_DodajKomTest.html" />
      </ResultFiles>
    </UnitTestResult>
    <UnitTestResult executionId="954f5d52-0885-44f5-83d9-ecb29a5e921c" testId="9601a7ae-bb3a-2892-5c39-397ef89a0b1b" testName="TagiTest" computerName="MASZYNA" startTime="2011-05-30T23:44:28.1965040+02:00" endTime="2011-05-30T23:44:28.2365616+02:00" testType="13cdc9d9-ddb5-4fa4-a97d-d965ccfc6d4b" outcome="Failed" testListId="8c84fa94-04c1-424b-9868-57a2d4851a1d" relativeResultsDirectory="954f5d52-0885-44f5-83d9-ecb29a5e921c">
      <Output>
        <ErrorInfo>
          <Message>The Web request 'http://localhost:1032/' completed successfully without running the test. This can occur when configuring the Web application for testing fails (an ASP.NET server error occurs when processing the request), or when no ASP.NET page is executed (the URL may point to an HTML page, a Web service, or a directory listing). Running tests in ASP.NET requires the URL to resolve to an ASP.NET page and for the page to execute properly up to the Load event. The response from the request is stored in the file 'WebRequestResponse_TagiTest.html' with the test results; typically this file can be opened with a Web browser to view its contents.</Message>
        </ErrorInfo>
      </Output>
      <ResultFiles>
        <ResultFile path="MASZYNA\WebRequestResponse_TagiTest.html" />
      </ResultFiles>
    </UnitTestResult>
    <UnitTestResult executionId="7dbf9451-3c79-44cd-a2ee-780905806ec4" testId="96c0059b-1c41-71af-f167-06e2c893db15" testName="LogOn_Post_ReturnsRedirectToHomeOnSuccess_WithExternalReturnUrl" computerName="MASZYNA" duration="00:00:00.0040128" startTime="2011-05-30T23:44:28.2465760+02:00" endTime="2011-05-30T23:44:28.2565904+02:00" testType="13cdc9d9-ddb5-4fa4-a97d-d965ccfc6d4b" outcome="Passed" testListId="8c84fa94-04c1-424b-9868-57a2d4851a1d" relativeResultsDirectory="7dbf9451-3c79-44cd-a2ee-780905806ec4">
    </UnitTestResult>
    <UnitTestResult executionId="301fffbe-a4b3-4d3f-afb5-718e601a8d98" testId="991f6fa4-fa34-004e-30ea-2b458b07e203" testName="WyswietlPostyTest" computerName="MASZYNA" startTime="2011-05-30T23:44:28.2565904+02:00" endTime="2011-05-30T23:44:28.2966480+02:00" testType="13cdc9d9-ddb5-4fa4-a97d-d965ccfc6d4b" outcome="Failed" testListId="8c84fa94-04c1-424b-9868-57a2d4851a1d" relativeResultsDirectory="301fffbe-a4b3-4d3f-afb5-718e601a8d98">
      <Output>
        <ErrorInfo>
          <Message>The Web request 'http://localhost:1032/' completed successfully without running the test. This can occur when configuring the Web application for testing fails (an ASP.NET server error occurs when processing the request), or when no ASP.NET page is executed (the URL may point to an HTML page, a Web service, or a directory listing). Running tests in ASP.NET requires the URL to resolve to an ASP.NET page and for the page to execute properly up to the Load event. The response from the request is stored in the file 'WebRequestResponse_WyswietlPostyTest.html' with the test results; typically this file can be opened with a Web browser to view its contents.</Message>
        </ErrorInfo>
      </Output>
      <ResultFiles>
        <ResultFile path="MASZYNA\WebRequestResponse_WyswietlPostyTest.html" />
      </ResultFiles>
    </UnitTestResult>
    <UnitTestResult executionId="ae39041a-c2e8-42d3-9b14-3bf83e12c37e" testId="a1b77401-1bd9-f9dd-387b-d29b1a396fb4" testName="listaTest" computerName="MASZYNA" startTime="2011-05-30T23:44:28.3266912+02:00" endTime="2011-05-30T23:44:28.3967920+02:00" testType="13cdc9d9-ddb5-4fa4-a97d-d965ccfc6d4b" outcome="Failed" testListId="8c84fa94-04c1-424b-9868-57a2d4851a1d" relativeResultsDirectory="ae39041a-c2e8-42d3-9b14-3bf83e12c37e">
      <Output>
        <ErrorInfo>
          <Message>The Web request 'http://localhost:1032/' completed successfully without running the test. This can occur when configuring the Web application for testing fails (an ASP.NET server error occurs when processing the request), or when no ASP.NET page is executed (the URL may point to an HTML page, a Web service, or a directory listing). Running tests in ASP.NET requires the URL to resolve to an ASP.NET page and for the page to execute properly up to the Load event. The response from the request is stored in the file 'WebRequestResponse_listaTest.html' with the test results; typically this file can be opened with a Web browser to view its contents.</Message>
        </ErrorInfo>
      </Output>
      <ResultFiles>
        <ResultFile path="MASZYNA\WebRequestResponse_listaTest.html" />
      </ResultFiles>
    </UnitTestResult>
    <UnitTestResult executionId="29d6428a-d2a8-4f4b-bc02-68c675ea5502" testId="a6b588d3-d7ce-097b-fb95-75cc843350ca" testName="Register_Post_ReturnsViewIfRegistrationFails" computerName="MASZYNA" duration="00:00:00.0032154" startTime="2011-05-30T23:44:28.4068064+02:00" endTime="2011-05-30T23:44:28.4168208+02:00" testType="13cdc9d9-ddb5-4fa4-a97d-d965ccfc6d4b" outcome="Passed" testListId="8c84fa94-04c1-424b-9868-57a2d4851a1d" relativeResultsDirectory="29d6428a-d2a8-4f4b-bc02-68c675ea5502">
    </UnitTestResult>
    <UnitTestResult executionId="18af49d6-8809-4635-8240-d8f5d25d5237" testId="a9291e12-4841-3a5c-f637-09403db212c0" testName="EditTest1" computerName="MASZYNA" startTime="2011-05-30T23:44:28.4268352+02:00" endTime="2011-05-30T23:44:28.4769072+02:00" testType="13cdc9d9-ddb5-4fa4-a97d-d965ccfc6d4b" outcome="Failed" testListId="8c84fa94-04c1-424b-9868-57a2d4851a1d" relativeResultsDirectory="18af49d6-8809-4635-8240-d8f5d25d5237">
      <Output>
        <ErrorInfo>
          <Message>The Web request 'http://localhost:1032/' completed successfully without running the test. This can occur when configuring the Web application for testing fails (an ASP.NET server error occurs when processing the request), or when no ASP.NET page is executed (the URL may point to an HTML page, a Web service, or a directory listing). Running tests in ASP.NET requires the URL to resolve to an ASP.NET page and for the page to execute properly up to the Load event. The response from the request is stored in the file 'WebRequestResponse_EditTest1.html' with the test results; typically this file can be opened with a Web browser to view its contents.</Message>
        </ErrorInfo>
      </Output>
      <ResultFiles>
        <ResultFile path="MASZYNA\WebRequestResponse_EditTest1.html" />
      </ResultFiles>
    </UnitTestResult>
    <UnitTestResult executionId="5ce5c4bc-e998-4cc5-887f-657f347d6697" testId="ae13f39b-f0eb-e24d-8d11-7a7092f2ebda" testName="LogOff_LogsOutAndRedirects" computerName="MASZYNA" duration="00:00:00.0017393" startTime="2011-05-30T23:44:28.4869216+02:00" endTime="2011-05-30T23:44:28.4969360+02:00" testType="13cdc9d9-ddb5-4fa4-a97d-d965ccfc6d4b" outcome="Passed" testListId="8c84fa94-04c1-424b-9868-57a2d4851a1d" relativeResultsDirectory="5ce5c4bc-e998-4cc5-887f-657f347d6697">
    </UnitTestResult>
    <UnitTestResult executionId="6ef4205b-f3ca-4896-9382-2228637d0652" testId="d412c0d6-1690-c641-1834-730d981b8d59" testName="DodajKomTest1" computerName="MASZYNA" startTime="2011-05-30T23:44:28.4969360+02:00" endTime="2011-05-30T23:44:28.5169648+02:00" testType="13cdc9d9-ddb5-4fa4-a97d-d965ccfc6d4b" outcome="Failed" testListId="8c84fa94-04c1-424b-9868-57a2d4851a1d" relativeResultsDirectory="6ef4205b-f3ca-4896-9382-2228637d0652">
      <Output>
        <ErrorInfo>
          <Message>The Web request 'http://localhost:1032/' completed successfully without running the test. This can occur when configuring the Web application for testing fails (an ASP.NET server error occurs when processing the request), or when no ASP.NET page is executed (the URL may point to an HTML page, a Web service, or a directory listing). Running tests in ASP.NET requires the URL to resolve to an ASP.NET page and for the page to execute properly up to the Load event. The response from the request is stored in the file 'WebRequestResponse_DodajKomTest1.html' with the test results; typically this file can be opened with a Web browser to view its contents.</Message>
        </ErrorInfo>
      </Output>
      <ResultFiles>
        <ResultFile path="MASZYNA\WebRequestResponse_DodajKomTest1.html" />
      </ResultFiles>
    </UnitTestResult>
    <UnitTestResult executionId="2cf86651-9310-41bf-9485-71a7fd55587b" testId="d4e6421a-3e38-cc12-959f-d59f3b01bf7a" testName="ChangePassword_Post_ReturnsRedirectOnSuccess" computerName="MASZYNA" duration="00:00:00.0006897" startTime="2011-05-30T23:44:28.5169648+02:00" endTime="2011-05-30T23:44:28.5269792+02:00" testType="13cdc9d9-ddb5-4fa4-a97d-d965ccfc6d4b" outcome="Passed" testListId="8c84fa94-04c1-424b-9868-57a2d4851a1d" relativeResultsDirectory="2cf86651-9310-41bf-9485-71a7fd55587b">
    </UnitTestResult>
    <UnitTestResult executionId="85a016d1-aff8-416e-af19-86b1d6d77496" testId="d805d901-f9f7-5711-074f-7866dead8a43" testName="LogOn_Get_ReturnsView" computerName="MASZYNA" duration="00:00:00.0006444" startTime="2011-05-30T23:44:28.5269792+02:00" endTime="2011-05-30T23:44:28.5269792+02:00" testType="13cdc9d9-ddb5-4fa4-a97d-d965ccfc6d4b" outcome="Passed" testListId="8c84fa94-04c1-424b-9868-57a2d4851a1d" relativeResultsDirectory="85a016d1-aff8-416e-af19-86b1d6d77496">
    </UnitTestResult>
    <UnitTestResult executionId="c5c39ac4-28f4-4eb7-b846-7a482caf37c9" testId="daea9d66-3502-e1c8-dc48-cbb4a65f713d" testName="IndexTest" computerName="MASZYNA" startTime="2011-05-30T23:44:28.5369936+02:00" endTime="2011-05-30T23:44:28.5470080+02:00" testType="13cdc9d9-ddb5-4fa4-a97d-d965ccfc6d4b" outcome="Failed" testListId="8c84fa94-04c1-424b-9868-57a2d4851a1d" relativeResultsDirectory="c5c39ac4-28f4-4eb7-b846-7a482caf37c9">
      <Output>
        <ErrorInfo>
          <Message>The Web request 'http://localhost:1032/' completed successfully without running the test. This can occur when configuring the Web application for testing fails (an ASP.NET server error occurs when processing the request), or when no ASP.NET page is executed (the URL may point to an HTML page, a Web service, or a directory listing). Running tests in ASP.NET requires the URL to resolve to an ASP.NET page and for the page to execute properly up to the Load event. The response from the request is stored in the file 'WebRequestResponse_IndexTest.html' with the test results; typically this file can be opened with a Web browser to view its contents.</Message>
        </ErrorInfo>
      </Output>
      <ResultFiles>
        <ResultFile path="MASZYNA\WebRequestResponse_IndexTest.html" />
      </ResultFiles>
    </UnitTestResult>
    <UnitTestResult executionId="fe8d9a43-2120-4292-9c59-3d1520fcb827" testId="dc306a54-e9dc-5340-4d2d-3941cbfb0361" testName="AdministracjaControllerConstructorTest" computerName="MASZYNA" startTime="2011-05-30T23:44:28.5670368+02:00" endTime="2011-05-30T23:44:28.5870656+02:00" testType="13cdc9d9-ddb5-4fa4-a97d-d965ccfc6d4b" outcome="Failed" testListId="8c84fa94-04c1-424b-9868-57a2d4851a1d" relativeResultsDirectory="fe8d9a43-2120-4292-9c59-3d1520fcb827">
      <Output>
        <ErrorInfo>
          <Message>The Web request 'http://localhost:1032/' completed successfully without running the test. This can occur when configuring the Web application for testing fails (an ASP.NET server error occurs when processing the request), or when no ASP.NET page is executed (the URL may point to an HTML page, a Web service, or a directory listing). Running tests in ASP.NET requires the URL to resolve to an ASP.NET page and for the page to execute properly up to the Load event. The response from the request is stored in the file 'WebRequestResponse_AdministracjaControl.html' with the test results; typically this file can be opened with a Web browser to view its contents.</Message>
        </ErrorInfo>
      </Output>
      <ResultFiles>
        <ResultFile path="MASZYNA\WebRequestResponse_AdministracjaControl.html" />
      </ResultFiles>
    </UnitTestResult>
    <UnitTestResult executionId="e2f91f47-ddc0-4aaf-a6ae-fe86ffd42ec5" testId="e41f0101-44d6-db5c-c8a3-3986285f8e93" testName="ChangePassword_Post_ReturnsViewIfModelStateIsInvalid" computerName="MASZYNA" duration="00:00:00.0018628" startTime="2011-05-30T23:44:28.5970800+02:00" endTime="2011-05-30T23:44:28.6070944+02:00" testType="13cdc9d9-ddb5-4fa4-a97d-d965ccfc6d4b" outcome="Passed" testListId="8c84fa94-04c1-424b-9868-57a2d4851a1d" relativeResultsDirectory="e2f91f47-ddc0-4aaf-a6ae-fe86ffd42ec5">
    </UnitTestResult>
    <UnitTestResult executionId="13e93d25-1fe5-4f3b-9895-2f7e86af42e7" testId="e89981cb-0b8b-6777-ade8-610241e20a50" testName="LogOn_Post_ReturnsViewIfValidateUserFails" computerName="MASZYNA" duration="00:00:00.0250800" startTime="2011-05-30T23:44:28.6070944+02:00" endTime="2011-05-30T23:44:28.6371376+02:00" testType="13cdc9d9-ddb5-4fa4-a97d-d965ccfc6d4b" outcome="Passed" testListId="8c84fa94-04c1-424b-9868-57a2d4851a1d" relativeResultsDirectory="13e93d25-1fe5-4f3b-9895-2f7e86af42e7">
    </UnitTestResult>
    <UnitTestResult executionId="1e6758b3-ef71-4ef6-8fd9-ca0af27be0fa" testId="f5fb9af2-4042-d259-4852-58b1592b1473" testName="SzukajTest" computerName="MASZYNA" startTime="2011-05-30T23:44:28.6371376+02:00" endTime="2011-05-30T23:44:28.6671808+02:00" testType="13cdc9d9-ddb5-4fa4-a97d-d965ccfc6d4b" outcome="Failed" testListId="8c84fa94-04c1-424b-9868-57a2d4851a1d" relativeResultsDirectory="1e6758b3-ef71-4ef6-8fd9-ca0af27be0fa">
      <Output>
        <ErrorInfo>
          <Message>The Web request 'http://localhost:1032/' completed successfully without running the test. This can occur when configuring the Web application for testing fails (an ASP.NET server error occurs when processing the request), or when no ASP.NET page is executed (the URL may point to an HTML page, a Web service, or a directory listing). Running tests in ASP.NET requires the URL to resolve to an ASP.NET page and for the page to execute properly up to the Load event. The response from the request is stored in the file 'WebRequestResponse_SzukajTest.html' with the test results; typically this file can be opened with a Web browser to view its contents.</Message>
        </ErrorInfo>
      </Output>
      <ResultFiles>
        <ResultFile path="MASZYNA\WebRequestResponse_SzukajTest.html" />
      </ResultFiles>
    </UnitTestResult>
  </Results>
</TestRun>